Component: ARM Compiler 5.06 update 6 (build 750) Tool: armlink [4d35ed]

==============================================================================

Section Cross References

    main.o(i.main) refers to rcc.o(i.RCC_SettingSystemClock16MHz) for RCC_SettingSystemClock16MHz
    main.o(i.main) refers to rcc.o(i.RCC_EnablePeripheralClock) for RCC_EnablePeripheralClock
    main.o(i.main) refers to gpio.o(i.GPIO_Configuration) for GPIO_Configuration
    main.o(i.main) refers to systick.o(i.SettingSystemTimer) for SettingSystemTimer
    main.o(i.main) refers to exti.o(i.EXTI_Configuration) for EXTI_Configuration
    main.o(i.main) refers to nvic.o(i.NVIC_Configuration) for NVIC_Configuration
    main.o(i.main) refers to timer.o(i.Timer_Configuration) for Timer_Configuration
    main.o(i.main) refers to usart.o(i.USART_Configuration) for USART_Configuration
    main.o(i.main) refers to usart.o(i.USART_ReceiverDataInterruptEnable) for USART_ReceiverDataInterruptEnable
    main.o(i.main) refers to spi.o(i.SPI_Configuration) for SPI_Configuration
    main.o(i.main) refers to soft_i2c.o(i.SoftI2C_Configuration) for SoftI2C_Configuration
    main.o(i.main) refers to soft_i2c.o(i.SoftI2C_Start) for SoftI2C_Start
    main.o(i.main) refers to timer.o(i.LoopTimerSetting) for LoopTimerSetting
    main.o(i.main) refers to systick.o(i.LoopSystickTimerSetting) for LoopSystickTimerSetting
    main.o(i.main) refers to systick.o(i.GetFlagTimerSystick500ms) for GetFlagTimerSystick500ms
    main.o(i.main) refers to gpio.o(i.GPIO_SettingOutputDataBSRR) for GPIO_SettingOutputDataBSRR
    main.o(i.main) refers to main.o(.data) for testvalue
    gpio.o(i.GPIO_Configuration) refers to gpio.o(i.GPIO_EnableClock) for GPIO_EnableClock
    gpio.o(i.GPIO_Configuration) refers to gpio.o(i.GPIO_Set_Mode) for GPIO_Set_Mode
    gpio.o(i.GPIO_Configuration) refers to gpio.o(i.GPIO_Set_OutputType) for GPIO_Set_OutputType
    gpio.o(i.GPIO_Configuration) refers to gpio.o(i.GPIO_Set_OutputSpeed) for GPIO_Set_OutputSpeed
    gpio.o(i.GPIO_Configuration) refers to gpio.o(i.GPIO_SetInputType) for GPIO_SetInputType
    gpio.o(i.GPIO_EnableClock) refers to rcc.o(i.RCC_EnablePeripheralClock) for RCC_EnablePeripheralClock
    rcc.o(i.RCC_EnableAnotherSourceForHSE) refers to rcc.o(.data) for _RCC
    rcc.o(i.RCC_EnablePeripheralClock) refers to rcc.o(.data) for _RCC
    rcc.o(i.RCC_SetPLLIndexValue) refers to rcc.o(.data) for _RCC
    rcc.o(i.RCC_SettingMCUOutputClock) refers to rcc.o(.data) for _RCC
    rcc.o(i.RCC_SettingSystemClock16MHz) refers to rcc.o(.data) for _RCC
    systick.o(i.GetFlagTimerSystick100ms) refers to systick.o(.data) for systick_timer_fl
    systick.o(i.GetFlagTimerSystick10ms) refers to systick.o(.data) for systick_timer_fl
    systick.o(i.GetFlagTimerSystick1s) refers to systick.o(.data) for systick_timer_fl
    systick.o(i.GetFlagTimerSystick500ms) refers to systick.o(.data) for systick_timer_fl
    systick.o(i.GetFlagTimerSystick50ms) refers to systick.o(.data) for systick_timer_fl
    systick.o(i.InitSystemTimer) refers to systick.o(.data) for systick
    systick.o(i.LoopSystickTimerSetting) refers to systick.o(.data) for systick_timer_fl
    systick.o(i.SettingSystemTimer) refers to systick.o(i.InitSystemTimer) for InitSystemTimer
    systick.o(i.SettingSystemTimer) refers to systick.o(i.SysTickSettingReloadValue) for SysTickSettingReloadValue
    systick.o(i.SettingSystemTimer) refers to systick.o(i.SysTickSettingEnableCounter) for SysTickSettingEnableCounter
    systick.o(i.SettingSystemTimer) refers to systick.o(.data) for systick
    systick.o(i.SysTickGetCountFlag) refers to systick.o(.data) for systick
    systick.o(i.SysTickGetCurrentCounterValue) refers to systick.o(.data) for systick
    systick.o(i.SysTickSettingEnableCounter) refers to systick.o(.data) for systick
    systick.o(i.SysTickSettingReloadValue) refers to systick.o(.data) for systick
    exti.o(i.EXTI_ClearFlagInterruptInLine) refers to exti.o(.data) for _EXTI
    exti.o(i.EXTI_Configuration) refers to exti.o(i.SYSCFG_ConfigPortEXTI) for SYSCFG_ConfigPortEXTI
    exti.o(i.EXTI_Configuration) refers to exti.o(i.EXTI_SettingMaskInterrupt) for EXTI_SettingMaskInterrupt
    exti.o(i.EXTI_Configuration) refers to exti.o(i.EXTI_SettingMaskEventRequest) for EXTI_SettingMaskEventRequest
    exti.o(i.EXTI_Configuration) refers to exti.o(.data) for _EXTI
    exti.o(i.EXTI_GetFlagInterruptStatus) refers to exti.o(.data) for _EXTI
    exti.o(i.EXTI_GetTriggerStatus) refers to exti.o(.data) for _EXTI
    exti.o(i.EXTI_GetValueMaskEventRequest) refers to exti.o(.data) for _EXTI
    exti.o(i.EXTI_GetValueMaskInterrupt) refers to exti.o(.data) for _EXTI
    exti.o(i.EXTI_SetInterruptOccurebySW) refers to exti.o(.data) for _EXTI
    exti.o(i.EXTI_SettingMaskEventRequest) refers to exti.o(.data) for _EXTI
    exti.o(i.EXTI_SettingMaskInterrupt) refers to exti.o(.data) for _EXTI
[...]
    libinit.o(.ARM.Collect$$libinit$$00000000) refers (Special) to libinit2.o(.ARM.Collect$$libinit$$00000015) for __rt_lib_init_lc_monetary_1
    libinit.o(.ARM.Collect$$libinit$$00000000) refers (Special) to libinit2.o(.ARM.Collect$$libinit$$00000017) for __rt_lib_init_lc_numeric_1
    libinit.o(.ARM.Collect$$libinit$$00000000) refers (Special) to libinit2.o(.ARM.Collect$$libinit$$00000019) for __rt_lib_init_lc_time_1
    libinit.o(.ARM.Collect$$libinit$$00000000) refers (Special) to libinit2.o(.ARM.Collect$$libinit$$00000004) for __rt_lib_init_preinit_1
    libinit.o(.ARM.Collect$$libinit$$00000000) refers (Special) to libinit2.o(.ARM.Collect$$libinit$$0000000E) for __rt_lib_init_rand_1
    libinit.o(.ARM.Collect$$libinit$$00000000) refers (Special) to libinit2.o(.ARM.Collect$$libinit$$00000033) for __rt_lib_init_return
    libinit.o(.ARM.Collect$$libinit$$00000000) refers (Special) to libinit2.o(.ARM.Collect$$libinit$$0000001D) for __rt_lib_init_signal_1
    libinit.o(.ARM.Collect$$libinit$$00000000) refers (Special) to libinit2.o(.ARM.Collect$$libinit$$00000025) for __rt_lib_init_stdio_1
    libinit.o(.ARM.Collect$$libinit$$00000000) refers (Special) to libinit2.o(.ARM.Collect$$libinit$$0000000C) for __rt_lib_init_user_alloc_1
    dcmpi.o(x$fpl$dcmpinf) refers (Special) to usenofp.o(x$fpl$usenofp) for __I$use$fp
    sys_exit.o(.text) refers (Special) to use_no_semi.o(.text) for __I$use$semihosting
    sys_exit.o(.text) refers (Special) to indicate_semi.o(.text) for __semihosting_library_function
    rtexit.o(.ARM.Collect$$rtexit$$00000000) refers (Special) to rtexit2.o(.ARM.Collect$$rtexit$$00000004) for __rt_exit_exit
    rtexit.o(.ARM.Collect$$rtexit$$00000000) refers (Special) to rtexit2.o(.ARM.Collect$$rtexit$$00000003) for __rt_exit_ls
    rtexit.o(.ARM.Collect$$rtexit$$00000000) refers (Special) to rtexit2.o(.ARM.Collect$$rtexit$$00000002) for __rt_exit_prels_1
    rtexit.o(.ARM.exidx) refers (Special) to rtexit2.o(.ARM.Collect$$rtexit$$00000004) for __rt_exit_exit
    rtexit.o(.ARM.exidx) refers (Special) to rtexit2.o(.ARM.Collect$$rtexit$$00000003) for __rt_exit_ls
    rtexit.o(.ARM.exidx) refers (Special) to rtexit2.o(.ARM.Collect$$rtexit$$00000002) for __rt_exit_prels_1
    rtexit.o(.ARM.exidx) refers to rtexit.o(.ARM.Collect$$rtexit$$00000000) for .ARM.Collect$$rtexit$$00000000
    __raise.o(.text) refers to defsig.o(CL$$defsig) for __default_signal_handler
    defsig_general.o(.text) refers to sys_wrch.o(.text) for _ttywrch
    libshutdown2.o(.ARM.Collect$$libshutdown$$0000000D) refers (Weak) to term_alloc.o(.text) for _terminate_alloc
    sys_wrch.o(.text) refers (Special) to use_no_semi.o(.text) for __I$use$semihosting
    sys_wrch.o(.text) refers (Special) to indicate_semi.o(.text) for __semihosting_library_function
    rtexit2.o(.ARM.Collect$$rtexit$$00000003) refers to libshutdown.o(.ARM.Collect$$libshutdown$$00000000) for __rt_lib_shutdown
    rtexit2.o(.ARM.Collect$$rtexit$$00000004) refers to sys_exit.o(.text) for _sys_exit
    rtexit2.o(.ARM.exidx) refers to rtexit2.o(.ARM.Collect$$rtexit$$00000001) for .ARM.Collect$$rtexit$$00000001
    rtexit2.o(.ARM.exidx) refers to rtexit2.o(.ARM.Collect$$rtexit$$00000003) for .ARM.Collect$$rtexit$$00000003
    rtexit2.o(.ARM.exidx) refers to rtexit2.o(.ARM.Collect$$rtexit$$00000004) for .ARM.Collect$$rtexit$$00000004
    defsig.o(CL$$defsig) refers to defsig_rtmem_inner.o(.text) for __rt_SIGRTMEM_inner
    defsig_abrt_inner.o(.text) refers to defsig_general.o(.text) for __default_signal_display
    defsig_fpe_inner.o(.text) refers to defsig_general.o(.text) for __default_signal_display
    defsig_rtred_inner.o(.text) refers to defsig_general.o(.text) for __default_signal_display
    defsig_stak_inner.o(.text) refers to defsig_general.o(.text) for __default_signal_display
    defsig_pvfn_inner.o(.text) refers to defsig_general.o(.text) for __default_signal_display
    defsig_cppl_inner.o(.text) refers to defsig_general.o(.text) for __default_signal_display
    defsig_segv_inner.o(.text) refers to defsig_general.o(.text) for __default_signal_display
    defsig_other.o(.text) refers to defsig_general.o(.text) for __default_signal_display
    libshutdown.o(.ARM.Collect$$libshutdown$$00000000) refers (Special) to libshutdown2.o(.ARM.Collect$$libshutdown$$00000002) for __rt_lib_shutdown_cpp_1
    libshutdown.o(.ARM.Collect$$libshutdown$$00000000) refers (Special) to libshutdown2.o(.ARM.Collect$$libshutdown$$00000007) for __rt_lib_shutdown_fp_trap_1
    libshutdown.o(.ARM.Collect$$libshutdown$$00000000) refers (Special) to libshutdown2.o(.ARM.Collect$$libshutdown$$0000000F) for __rt_lib_shutdown_heap_1
    libshutdown.o(.ARM.Collect$$libshutdown$$00000000) refers (Special) to libshutdown2.o(.ARM.Collect$$libshutdown$$00000010) for __rt_lib_shutdown_return
    libshutdown.o(.ARM.Collect$$libshutdown$$00000000) refers (Special) to libshutdown2.o(.ARM.Collect$$libshutdown$$0000000A) for __rt_lib_shutdown_signal_1
    libshutdown.o(.ARM.Collect$$libshutdown$$00000000) refers (Special) to libshutdown2.o(.ARM.Collect$$libshutdown$$00000004) for __rt_lib_shutdown_stdio_1
    libshutdown.o(.ARM.Collect$$libshutdown$$00000000) refers (Special) to libshutdown2.o(.ARM.Collect$$libshutdown$$0000000C) for __rt_lib_shutdown_user_alloc_1


==============================================================================

Removing Unused input sections from the image.

    Removing main.o(.bss), (10 bytes).
    Removing gpio.o(i.GPIO_GetDataInOutputRes), (18 bytes).
    Removing gpio.o(i.GPIO_GetInputData), (18 bytes).
    Removing gpio.o(i.GPIO_GetInputType), (24 bytes).
    Removing gpio.o(i.GPIO_GetMode), (22 bytes).
    Removing gpio.o(i.GPIO_GetOutputSpeed), (22 bytes).
    Removing gpio.o(i.GPIO_GetOutputType), (18 bytes).
    Removing gpio.o(i.GPIO_SetOutputData), (30 bytes).
    Removing rcc.o(i.RCC_EnableAnotherSourceForHSE), (64 bytes).
    Removing rcc.o(i.RCC_SetPLLIndexValue), (72 bytes).
    Removing rcc.o(i.RCC_SettingMCUOutputClock), (80 bytes).
    Removing systick.o(i.GetFlagTimerSystick100ms), (16 bytes).
    Removing systick.o(i.GetFlagTimerSystick10ms), (16 bytes).
    Removing systick.o(i.GetFlagTimerSystick1s), (16 bytes).
    Removing systick.o(i.GetFlagTimerSystick50ms), (16 bytes).
    Removing systick.o(i.SysTickGetCountFlag), (16 bytes).
    Removing systick.o(i.SysTickGetCurrentCounterValue), (12 bytes).
    Removing exti.o(i.EXTI_GetFlagInterruptStatus), (24 bytes).
    Removing exti.o(i.EXTI_GetTriggerStatus), (44 bytes).
    Removing exti.o(i.EXTI_GetValueMaskEventRequest), (24 bytes).
    Removing exti.o(i.EXTI_GetValueMaskInterrupt), (24 bytes).
    Removing exti.o(i.EXTI_SetInterruptOccurebySW), (24 bytes).
    Removing exti.o(i.SYSCFG_GetStatusPortEXTI), (52 bytes).
    Removing nvic.o(i.NVIC_ClearPendingInterrupt), (72 bytes).
    Removing nvic.o(i.NVIC_GetStatusInterrupt), (204 bytes).
    Removing nvic.o(i.NVIC_SetActiveInterrupt), (72 bytes).
    Removing nvic.o(i.NVIC_SetPendingInterrupt), (72 bytes).
    Removing scb.o(i.SCB_ClearSysTickPending), (24 bytes).
    Removing scb.o(i.SCB_GetSysTickPendingStatus), (16 bytes).
    Removing scb.o(i.SCB_SetSysTickPending), (24 bytes).
    Removing scb.o(i.SCB_SetSysTickPriority), (24 bytes).
    Removing scb.o(.data), (4 bytes).
    Removing timer.o(i.GetFlagTimer100ms), (16 bytes).
    Removing timer.o(i.GetFlagTimer10ms), (16 bytes).
    Removing timer.o(i.GetFlagTimer1ms), (16 bytes).
    Removing timer.o(i.GetFlagTimer1s), (16 bytes).
    Removing timer.o(i.GetFlagTimer500ms), (16 bytes).
    Removing timer.o(i.GetFlagTimer50ms), (16 bytes).
    Removing timer.o(i.Timer_ClearInterruptFlag), (10 bytes).
    Removing timer.o(i.Timer_GetCaptureValue), (46 bytes).
    Removing timer.o(i.Timer_InputCaptureConfiguration), (132 bytes).
    Removing timer.o(i.Timer_OutputCompareConfiguration), (184 bytes).
    Removing usart.o(i.USART_ReceiveData), (18 bytes).
    Removing usart.o(i.USART_TransmiterDataInterruptEnable), (10 bytes).
    Removing spi.o(i.SPI_ReceiveData), (44 bytes).
    Removing spi.o(i.SPI_ReceiverDataInterruptEnable), (10 bytes).
    Removing spi.o(i.SPI_SlaveDisSelect), (84 bytes).
    Removing spi.o(i.SPI_SlaveSelect), (84 bytes).
    Removing spi.o(i.SPI_TransmitDataInterruptEnable), (10 bytes).
    Removing spi.o(i.SPI_Transmiter), (48 bytes).
    Removing i2c.o(i.I2C_ClockPeripheralConfig), (10 bytes).
    Removing i2c.o(i.I2C_ConfigGPIOPin), (296 bytes).
    Removing i2c.o(i.I2C_ConfigI2CClock), (140 bytes).
    Removing i2c.o(i.I2C_Configuration), (66 bytes).
    Removing i2c.o(i.I2C_ReadData), (18 bytes).
    Removing i2c.o(i.I2C_ReceiveData), (98 bytes).
    Removing i2c.o(i.I2C_Start), (30 bytes).
    Removing i2c.o(i.I2C_TransmitData), (46 bytes).
    Removing i2c.o(i.I2C_WriteAddress), (26 bytes).
    Removing i2c.o(i.I2C_WriteData), (28 bytes).
    Removing i2c.o(.data), (20 bytes).
    Removing lcd_i2c.o(i.LCD_I2C_Clear), (14 bytes).
    Removing lcd_i2c.o(i.LCD_I2C_Init), (52 bytes).
    Removing lcd_i2c.o(i.LCD_I2C_Print), (52 bytes).
    Removing lcd_i2c.o(i.LCD_I2C_Set_Cursor), (36 bytes).
    Removing lcd_i2c.o(i.LCD_I2C_Write_CMD), (68 bytes).
    Removing lcd_i2c.o(i.LCD_I2C_Write_DATA), (68 bytes).
    Removing lcd_i2c.o(.data), (11 bytes).
    Removing soft_i2c.o(i.HexToBinConvert), (48 bytes).
    Removing soft_i2c.o(i.SoftI2C_ClockGeneration), (168 bytes).
    Removing soft_i2c.o(i.SoftI2C_DetecFallingEdgeForSecond), (132 bytes).
    Removing soft_i2c.o(i.SoftI2C_DetectRisingEdge), (132 bytes).
    Removing soft_i2c.o(i.SoftI2C_GetStartCondition), (120 bytes).
    Removing soft_i2c.o(i.SoftI2C_Stop), (12 bytes).
    Removing soft_i2c.o(i.SoftI2C_WriteByte), (212 bytes).
    Removing soft_i2c.o(i.SoftI2C_WriteData), (64 bytes).
    Removing system_stm32f4xx.o(.rev16_text), (4 bytes).
    Removing system_stm32f4xx.o(.revsh_text), (4 bytes).
    Removing system_stm32f4xx.o(.rrx_text), (6 bytes).
    Removing system_stm32f4xx.o(i.SystemCoreClockUpdate), (192 bytes).
    Removing system_stm32f4xx.o(.constdata), (24 bytes).
    Removing system_stm32f4xx.o(.data), (4 bytes).

82 unused section(s) (total 4151 bytes) removed from the image.

==============================================================================

Image Symbol Table

    Local Symbols

    Symbol Name                              Value     Ov Type        Size  Object(Section)

    ../clib/angel/boardlib.s                 0x00000000   Number         0  boardshut.o ABSOLUTE
    ../clib/angel/boardlib.s                 0x00000000   Number         0  boardinit3.o ABSOLUTE
    ../clib/angel/boardlib.s                 0x00000000   Number         0  boardinit2.o ABSOLUTE
    ../clib/angel/boardlib.s                 0x00000000   Number         0  boardinit1.o ABSOLUTE
    ../clib/angel/dczerorl2.s                0x00000000   Number         0  __dczerorl2.o ABSOLUTE
    ../clib/angel/handlers.s                 0x00000000   Number         0  __scatter_zi.o ABSOLUTE
    ../clib/angel/kernel.s                   0x00000000   Number         0  rtexit.o ABSOLUTE
    ../clib/angel/kernel.s                   0x00000000   Number         0  rtexit2.o ABSOLUTE
    ../clib/angel/kernel.s                   0x00000000   Number         0  __rtentry.o ABSOLUTE
    ../clib/angel/kernel.s                   0x00000000   Number         0  __rtentry2.o ABSOLUTE
    ../clib/angel/kernel.s                   0x00000000   Number         0  __rtentry4.o ABSOLUTE
    ../clib/angel/rt.s                       0x00000000   Number         0  rt_raise.o ABSOLUTE
    ../clib/angel/rt.s                       0x00000000   Number         0  rt_heap_descriptor_intlibspace.o ABSOLUTE
    ../clib/angel/rt.s                       0x00000000   Number         0  rt_heap_descriptor.o ABSOLUTE
    ../clib/angel/scatter.s                  0x00000000   Number         0  __scatter.o ABSOLUTE
    ../clib/angel/startup.s                  0x00000000   Number         0  __main.o ABSOLUTE
    ../clib/angel/sys.s                      0x00000000   Number         0  sys_stackheap_outer.o ABSOLUTE
    ../clib/angel/sys.s                      0x00000000   Number         0  indicate_semi.o ABSOLUTE
    ../clib/angel/sys.s                      0x00000000   Number         0  use_no_semi.o ABSOLUTE
    ../clib/angel/sys.s                      0x00000000   Number         0  libspace.o ABSOLUTE
    ../clib/angel/sys.s                      0x00000000   Number         0  mutex_dummy.o ABSOLUTE
    ../clib/angel/sysapp.c                   0x00000000   Number         0  sys_command.o ABSOLUTE
    ../clib/angel/sysapp.c                   0x00000000   Number         0  sys_wrch.o ABSOLUTE
    ../clib/angel/sysapp.c                   0x00000000   Number         0  sys_exit.o ABSOLUTE
    ../clib/armsys.c                         0x00000000   Number         0  no_argv.o ABSOLUTE
    ../clib/armsys.c                         0x00000000   Number         0  _get_argv.o ABSOLUTE
    ../clib/armsys.c                         0x00000000   Number         0  _get_argv_nomalloc.o ABSOLUTE
    ../clib/armsys.c                         0x00000000   Number         0  argv_veneer.o ABSOLUTE
    ../clib/armsys.c                         0x00000000   Number         0  argv_veneer.o ABSOLUTE
    ../clib/heap1.c                          0x00000000   Number         0  h1_init.o ABSOLUTE
    ../clib/heap1.c                          0x00000000   Number         0  h1_init_mt.o ABSOLUTE
    ../clib/heap1.c                          0x00000000   Number         0  h1_free_mt.o ABSOLUTE
    ../clib/heap1.c                          0x00000000   Number         0  h1_alloc_mt.o ABSOLUTE
    ../clib/heap1.c                          0x00000000   Number         0  h1_free.o ABSOLUTE
    ../clib/heap1.c                          0x00000000   Number         0  h1_alloc.o ABSOLUTE
    ../clib/heap1.c                          0x00000000   Number         0  h1_extend.o ABSOLUTE
    ../clib/heap1.c                          0x00000000   Number         0  h1_final.o ABSOLUTE
    ../clib/heap1.c                          0x00000000   Number         0  h1_extend_mt.o ABSOLUTE
    ../clib/heap1.c                          0x00000000   Number         0  h1_final_mt.o ABSOLUTE
    ../clib/heap2.c                          0x00000000   Number         0  fdtree.o ABSOLUTE
    ../clib/heap2.c                          0x00000000   Number         0  heap2.o ABSOLUTE
    ../clib/heap2.c                          0x00000000   Number         0  heap2mt.o ABSOLUTE
    ../clib/heapalloc.c                      0x00000000   Number         0  maybetermalloc1.o ABSOLUTE
    ../clib/heapalloc.c                      0x00000000   Number         0  maybetermalloc2.o ABSOLUTE
    ../clib/heapalloc.c                      0x00000000   Number         0  maybetermalloc1.o ABSOLUTE
    ../clib/heapalloc.c                      0x00000000   Number         0  maybetermalloc2.o ABSOLUTE
    ../clib/heapalloc.c                      0x00000000   Number         0  term_alloc.o ABSOLUTE
    ../clib/heapalloc.c                      0x00000000   Number         0  heapstubs.o ABSOLUTE
    ../clib/heapalloc.c                      0x00000000   Number         0  hrguard.o ABSOLUTE
    ../clib/heapalloc.c                      0x00000000   Number         0  malloc.o ABSOLUTE
    ../clib/heapalloc.c                      0x00000000   Number         0  free.o ABSOLUTE
    ../clib/heapalloc.c                      0x00000000   Number         0  hguard.o ABSOLUTE
    ../clib/heapalloc.c                      0x00000000   Number         0  init_alloc.o ABSOLUTE
    ../clib/heapaux.c                        0x00000000   Number         0  heapauxa.o ABSOLUTE
    ../clib/heapaux.c                        0x00000000   Number         0  heapauxi.o ABSOLUTE
    ../clib/libinit.s                        0x00000000   Number         0  libshutdown.o ABSOLUTE
    ../clib/libinit.s                        0x00000000   Number         0  libinit2.o ABSOLUTE
    ../clib/libinit.s                        0x00000000   Number         0  libshutdown2.o ABSOLUTE
    ../clib/libinit.s                        0x00000000   Number         0  libinit.o ABSOLUTE
    ../clib/memcpset.s                       0x00000000   Number         0  rt_memcpy_w.o ABSOLUTE
    ../clib/signal.c                         0x00000000   Number         0  __raise.o ABSOLUTE
    ../clib/signal.c                         0x00000000   Number         0  defsig_rtmem_formal.o ABSOLUTE
    ../clib/signal.c                         0x00000000   Number         0  defsig_other.o ABSOLUTE
    ../clib/signal.c                         0x00000000   Number         0  defsig_segv_inner.o ABSOLUTE
    ../clib/signal.c                         0x00000000   Number         0  defsig_cppl_inner.o ABSOLUTE
    ../clib/signal.c                         0x00000000   Number         0  defsig_pvfn_inner.o ABSOLUTE
    ../clib/signal.c                         0x00000000   Number         0  defsig_stak_inner.o ABSOLUTE
    ../clib/signal.c                         0x00000000   Number         0  defsig_rtmem_outer.o ABSOLUTE
    ../clib/signal.c                         0x00000000   Number         0  defsig_fpe_inner.o ABSOLUTE
    ../clib/signal.c                         0x00000000   Number         0  defsig_abrt_inner.o ABSOLUTE
    ../clib/signal.c                         0x00000000   Number         0  defsig_general.o ABSOLUTE
    ../clib/signal.c                         0x00000000   Number         0  defsig_rtmem_inner.o ABSOLUTE
    ../clib/signal.c                         0x00000000   Number         0  defsig_exit.o ABSOLUTE
    ../clib/signal.c                         0x00000000   Number         0  defsig_rtred_inner.o ABSOLUTE
    ../clib/signal.s                         0x00000000   Number         0  defsig.o ABSOLUTE
    ../clib/stdlib.c                         0x00000000   Number         0  exit.o ABSOLUTE
    ../clib/string.c                         0x00000000   Number         0  strlen.o ABSOLUTE
    ../fplib/daddsub.s                       0x00000000   Number         0  daddsub_clz.o ABSOLUTE
    ../fplib/dcmpi.s                         0x00000000   Number         0  dcmpi.o ABSOLUTE
    ../fplib/dfixu.s                         0x00000000   Number         0  dfixu.o ABSOLUTE
    ../fplib/dleqf.s                         0x00000000   Number         0  dleqf.o ABSOLUTE
    ../fplib/dnaninf.s                       0x00000000   Number         0  dnaninf.o ABSOLUTE
    ../fplib/dretinf.s                       0x00000000   Number         0  dretinf.o ABSOLUTE
    ../fplib/drleqf.s                        0x00000000   Number         0  drleqf.o ABSOLUTE
    ../fplib/f2d.s                           0x00000000   Number         0  f2d.o ABSOLUTE
    ../fplib/fnaninf.s                       0x00000000   Number         0  fnaninf.o ABSOLUTE
    ../fplib/fpinit.s                        0x00000000   Number         0  fpinit.o ABSOLUTE
    ../fplib/usenofp.s                       0x00000000   Number         0  usenofp.o ABSOLUTE
    ../mathlib/ceil.c                        0x00000000   Number         0  ceil.o ABSOLUTE
    IRQ_Handler.c                            0x00000000   Number         0  irq_handler.o ABSOLUTE
    Peripheral\EXTI\EXTI.c                   0x00000000   Number         0  exti.o ABSOLUTE
    Peripheral\GPIO\GPIO.c                   0x00000000   Number         0  gpio.o ABSOLUTE
    Peripheral\I2C\I2C.c                     0x00000000   Number         0  i2c.o ABSOLUTE
    Peripheral\I2C\LCD_I2C.c                 0x00000000   Number         0  lcd_i2c.o ABSOLUTE
    Peripheral\NVIC\NVIC.c                   0x00000000   Number         0  nvic.o ABSOLUTE
    Peripheral\RCC\RCC.c                     0x00000000   Number         0  rcc.o ABSOLUTE
    Peripheral\SPI\SPI.c                     0x00000000   Number         0  spi.o ABSOLUTE
    Peripheral\Soft_I2C\Soft_I2C.c           0x00000000   Number         0  soft_i2c.o ABSOLUTE
    Peripheral\SystemControlBLock\SCB.c      0x00000000   Number         0  scb.o ABSOLUTE
    Peripheral\SystemTimer\Systick.c         0x00000000   Number         0  systick.o ABSOLUTE
    Peripheral\Timer\Timer.c                 0x00000000   Number         0  timer.o ABSOLUTE
    Peripheral\USART\USART.c                 0x00000000   Number         0  usart.o ABSOLUTE
    RTE/Device/STM32F407VGTx/startup_stm32f407xx.s 0x00000000   Number         0  startup_stm32f407xx.o ABSOLUTE
    RTE/Device/STM32F407VGTx/system_stm32f4xx.c 0x00000000   Number         0  system_stm32f4xx.o ABSOLUTE
    RTE\Device\STM32F407VGTx\system_stm32f4xx.c 0x00000000   Number         0  system_stm32f4xx.o ABSOLUTE
    dc.s                                     0x00000000   Number         0  dc.o ABSOLUTE
    main.c                                   0x00000000   Number         0  main.o ABSOLUTE
    RESET                                    0x08000000   Section      392  startup_stm32f407xx.o(RESET)
    !!!main                                  0x08000188   Section        8  __main.o(!!!main)
    !!!scatter                               0x08000190   Section       52  __scatter.o(!!!scatter)
    !!dczerorl2                              0x080001c4   Section       90  __dczerorl2.o(!!dczerorl2)
    !!handler_zi                             0x08000220   Section       28  __scatter_zi.o(!!handler_zi)
    .ARM.Collect$$libinit$$00000000          0x0800023c   Section        2  libinit.o(.ARM.Collect$$libinit$$00000000)
    .ARM.Collect$$libinit$$00000001          0x0800023e   Section        4  libinit2.o(.ARM.Collect$$libinit$$00000001)
    .ARM.Collect$$libinit$$00000004          0x08000242   Section        0  libinit2.o(.ARM.Collect$$libinit$$00000004)
    .ARM.Collect$$libinit$$0000000A          0x08000242   Section        0  libinit2.o(.ARM.Collect$$libinit$$0000000A)
    .ARM.Collect$$libinit$$0000000C          0x08000242   Section        0  libinit2.o(.ARM.Collect$$libinit$$0000000C)
    .ARM.Collect$$libinit$$0000000E          0x08000242   Section        0  libinit2.o(.ARM.Collect$$libinit$$0000000E)
    .ARM.Collect$$libinit$$00000011          0x08000242   Section        0  libinit2.o(.ARM.Collect$$libinit$$00000011)
    .ARM.Collect$$libinit$$00000013          0x08000242   Section        0  libinit2.o(.ARM.Collect$$libinit$$00000013)
    .ARM.Collect$$libinit$$00000015          0x08000242   Section        0  libinit2.o(.ARM.Collect$$libinit$$00000015)
    .ARM.Collect$$libinit$$00000017          0x08000242   Section        0  libinit2.o(.ARM.Collect$$libinit$$00000017)
    .ARM.Collect$$libinit$$00000019          0x08000242   Section        0  libinit2.o(.ARM.Collect$$libinit$$00000019)
    .ARM.Collect$$libinit$$0000001B          0x08000242   Section        0  libinit2.o(.ARM.Collect$$libinit$$0000001B)
    .ARM.Collect$$libinit$$0000001D          0x08000242   Section        0  libinit2.o(.ARM.Collect$$libinit$$0000001D)
    .ARM.Collect$$libinit$$0000001F          0x08000242   Section        0  libinit2.o(.ARM.Collect$$libinit$$0000001F)
    .ARM.Collect$$libinit$$00000021          0x08000242   Section        0  libinit2.o(.ARM.Collect$$libinit$$00000021)
    .ARM.Collect$$libinit$$00000023          0x08000242   Section        0  libinit2.o(.ARM.Collect$$libinit$$00000023)
    .ARM.Collect$$libinit$$00000025          0x08000242   Section        0  libinit2.o(.ARM.Collect$$libinit$$00000025)
    .ARM.Collect$$libinit$$0000002C          0x08000242   Section        0  libinit2.o(.ARM.Collect$$libinit$$0000002C)
    .ARM.Collect$$libinit$$0000002E          0x08000242   Section        0  libinit2.o(.ARM.Collect$$libinit$$0000002E)
    .ARM.Collect$$libinit$$00000030          0x08000242   Section        0  libinit2.o(.ARM.Collect$$libinit$$00000030)
    .ARM.Collect$$libinit$$00000032          0x08000242   Section        0  libinit2.o(.ARM.Collect$$libinit$$00000032)
    .ARM.Collect$$libinit$$00000033          0x08000242   Section        2  libinit2.o(.ARM.Collect$$libinit$$00000033)
    .ARM.Collect$$libshutdown$$00000000      0x08000244   Section        2  libshutdown.o(.ARM.Collect$$libshutdown$$00000000)
    .ARM.Collect$$libshutdown$$00000002      0x08000246   Section        0  libshutdown2.o(.ARM.Collect$$libshutdown$$00000002)
    .ARM.Collect$$libshutdown$$00000004      0x08000246   Section        0  libshutdown2.o(.ARM.Collect$$libshutdown$$00000004)
    .ARM.Collect$$libshutdown$$00000007      0x08000246   Section        0  libshutdown2.o(.ARM.Collect$$libshutdown$$00000007)
    .ARM.Collect$$libshutdown$$0000000A      0x08000246   Section        0  libshutdown2.o(.ARM.Collect$$libshutdown$$0000000A)
    .ARM.Collect$$libshutdown$$0000000C      0x08000246   Section        0  libshutdown2.o(.ARM.Collect$$libshutdown$$0000000C)
    .ARM.Collect$$libshutdown$$0000000F      0x08000246   Section        0  libshutdown2.o(.ARM.Collect$$libshutdown$$0000000F)
    .ARM.Collect$$libshutdown$$00000010      0x08000246   Section        2  libshutdown2.o(.ARM.Collect$$libshutdown$$00000010)
    .ARM.Collect$$rtentry$$00000000          0x08000248   Section        0  __rtentry.o(.ARM.Collect$$rtentry$$00000000)
    .ARM.Collect$$rtentry$$00000002          0x08000248   Section        0  __rtentry2.o(.ARM.Collect$$rtentry$$00000002)
    .ARM.Collect$$rtentry$$00000004          0x08000248   Section        6  __rtentry4.o(.ARM.Collect$$rtentry$$00000004)
    .ARM.Collect$$rtentry$$00000009          0x0800024e   Section        0  __rtentry2.o(.ARM.Collect$$rtentry$$00000009)
    .ARM.Collect$$rtentry$$0000000A          0x0800024e   Section        4  __rtentry2.o(.ARM.Collect$$rtentry$$0000000A)
    .ARM.Collect$$rtentry$$0000000C          0x08000252   Section        0  __rtentry2.o(.ARM.Collect$$rtentry$$0000000C)
    .ARM.Collect$$rtentry$$0000000D          0x08000252   Section        8  __rtentry2.o(.ARM.Collect$$rtentry$$0000000D)
    .ARM.Collect$$rtexit$$00000000           0x0800025a   Section        2  rtexit.o(.ARM.Collect$$rtexit$$00000000)
    .ARM.Collect$$rtexit$$00000002           0x0800025c   Section        0  rtexit2.o(.ARM.Collect$$rtexit$$00000002)
    .ARM.Collect$$rtexit$$00000003           0x0800025c   Section        4  rtexit2.o(.ARM.Collect$$rtexit$$00000003)
    .ARM.Collect$$rtexit$$00000004           0x08000260   Section        6  rtexit2.o(.ARM.Collect$$rtexit$$00000004)
    .text                                    0x08000268   Section       64  startup_stm32f407xx.o(.text)
    $v0                                      0x08000268   Number         0  startup_stm32f407xx.o(.text)
    .text                                    0x080002a8   Section        0  heapauxi.o(.text)
    .text                                    0x080002b0   Section        8  libspace.o(.text)
    .text                                    0x080002b8   Section        2  use_no_semi.o(.text)
    .text                                    0x080002ba   Section       74  sys_stackheap_outer.o(.text)
    .text                                    0x080002ba   Section        0  indicate_semi.o(.text)
    .text                                    0x08000304   Section        0  exit.o(.text)
    .text                                    0x08000318   Section        0  sys_exit.o(.text)
    i.EXTI1_IRQHandler                       0x08000324   Section        0  irq_handler.o(i.EXTI1_IRQHandler)
    i.EXTI2_IRQHandler                       0x0800032c   Section        0  irq_handler.o(i.EXTI2_IRQHandler)
    i.EXTI_ClearFlagInterruptInLine          0x08000334   Section        0  exti.o(i.EXTI_ClearFlagInterruptInLine)
    i.EXTI_Configuration                     0x0800034c   Section        0  exti.o(i.EXTI_Configuration)
    i.EXTI_SettingMaskEventRequest           0x080003cc   Section        0  exti.o(i.EXTI_SettingMaskEventRequest)
    i.EXTI_SettingMaskInterrupt              0x080003e4   Section        0  exti.o(i.EXTI_SettingMaskInterrupt)
    i.GPIO_ConfigAlternateFunc               0x080003fc   Section        0  gpio.o(i.GPIO_ConfigAlternateFunc)
    i.GPIO_Configuration                     0x0800042e   Section        0  gpio.o(i.GPIO_Configuration)
    i.GPIO_EnableClock                       0x08000470   Section        0  gpio.o(i.GPIO_EnableClock)
    i.GPIO_SetInputType                      0x08000540   Section        0  gpio.o(i.GPIO_SetInputType)
    i.GPIO_Set_Mode                          0x08000550   Section        0  gpio.o(i.GPIO_Set_Mode)
    i.GPIO_Set_OutputSpeed                   0x08000560   Section        0  gpio.o(i.GPIO_Set_OutputSpeed)
    i.GPIO_Set_OutputType                    0x08000570   Section        0  gpio.o(i.GPIO_Set_OutputType)
    i.GPIO_SettingOutputDataBSRR             0x0800057e   Section        0  gpio.o(i.GPIO_SettingOutputDataBSRR)
    i.GetFlagTimerSystick500ms               0x08000598   Section        0  systick.o(i.GetFlagTimerSystick500ms)
    i.HandleLED1                             0x080005a8   Section        0  exti.o(i.HandleLED1)
    i.HandleLED2                             0x080005f4   Section        0  exti.o(i.HandleLED2)
    i.InitSystemTimer                        0x08000640   Section        0  systick.o(i.InitSystemTimer)
    i.LoopSystickTimerSetting                0x08000658   Section        0  systick.o(i.LoopSystickTimerSetting)
    i.LoopTimerSetting                       0x08000758   Section        0  timer.o(i.LoopTimerSetting)
    i.NVIC_ClearInterruptEnable              0x08000854   Section        0  nvic.o(i.NVIC_ClearInterruptEnable)
    i.NVIC_Configuration                     0x08000898   Section        0  nvic.o(i.NVIC_Configuration)
    i.NVIC_Init                              0x080008c0   Section        0  nvic.o(i.NVIC_Init)
    i.NVIC_SetInterruptEnable                0x080008cc   Section        0  nvic.o(i.NVIC_SetInterruptEnable)
    i.NVIC_SetPriority                       0x0800090c   Section        0  nvic.o(i.NVIC_SetPriority)
    i.RCC_EnablePeripheralClock              0x0800091c   Section        0  rcc.o(i.RCC_EnablePeripheralClock)
    i.RCC_SettingSystemClock16MHz            0x08000974   Section        0  rcc.o(i.RCC_SettingSystemClock16MHz)
    i.SPI_ConfigGPIOPinForSPI                0x080009c4   Section        0  spi.o(i.SPI_ConfigGPIOPinForSPI)
    i.SPI_Configuration                      0x08000bac   Section        0  spi.o(i.SPI_Configuration)
    i.SYSCFG_ConfigPortEXTI                  0x08000c28   Section        0  exti.o(i.SYSCFG_ConfigPortEXTI)
    i.SettingSystemTimer                     0x08000c78   Section        0  systick.o(i.SettingSystemTimer)
    i.SoftI2C_Configuration                  0x08000ce8   Section        0  soft_i2c.o(i.SoftI2C_Configuration)
    i.SoftI2C_GPIOConfiguration              0x08000d00   Section        0  soft_i2c.o(i.SoftI2C_GPIOConfiguration)
    i.SoftI2C_Init                           0x08000e18   Section        0  soft_i2c.o(i.SoftI2C_Init)
    i.SoftI2C_Start                          0x08000e84   Section        0  soft_i2c.o(i.SoftI2C_Start)
    i.SysTickSettingEnableCounter            0x08000ef0   Section        0  systick.o(i.SysTickSettingEnableCounter)
    i.SysTickSettingReloadValue              0x08000f1c   Section        0  systick.o(i.SysTickSettingReloadValue)
    i.SysTick_Handler                        0x08000f40   Section        0  irq_handler.o(i.SysTick_Handler)
    i.SystemInit                             0x08000f50   Section        0  system_stm32f4xx.o(i.SystemInit)
    i.TIM1_CC_IRQHandler                     0x08000f64   Section        0  irq_handler.o(i.TIM1_CC_IRQHandler)
    i.TIM2_IRQHandler                        0x08000f66   Section        0  irq_handler.o(i.TIM2_IRQHandler)
    i.TIM3_IRQHandler                        0x08000f68   Section        0  irq_handler.o(i.TIM3_IRQHandler)
    i.TIM4_IRQHandler                        0x08000f78   Section        0  irq_handler.o(i.TIM4_IRQHandler)
    i.TIM7_IRQHandler                        0x08000f7c   Section        0  irq_handler.o(i.TIM7_IRQHandler)
    i.Timer_Configuration                    0x08000f8c   Section        0  timer.o(i.Timer_Configuration)
    i.Timer_EnableClock                      0x08000fdc   Section        0  timer.o(i.Timer_EnableClock)
    i.Timer_SettingCounter                   0x080010e0   Section        0  timer.o(i.Timer_SettingCounter)
    i.Timer_SettingInterrupt                 0x080010f4   Section        0  timer.o(i.Timer_SettingInterrupt)
    i.USART2_IRQHandler                      0x0800110c   Section        0  irq_handler.o(i.USART2_IRQHandler)
    i.USART_BaudrateCalculator               0x08001144   Section        0  usart.o(i.USART_BaudrateCalculator)
    i.USART_Configuration                    0x080011dc   Section        0  usart.o(i.USART_Configuration)
    i.USART_ReceiverDataInterruptEnable      0x08001460   Section        0  usart.o(i.USART_ReceiverDataInterruptEnable)
    i.USART_SendData                         0x0800146a   Section        0  usart.o(i.USART_SendData)
    i.__hardfp_ceil                          0x08001490   Section        0  ceil.o(i.__hardfp_ceil)
    i.main                                   0x080015a8   Section        0  main.o(i.main)
    x$fpl$dadd                               0x080017b4   Section      336  daddsub_clz.o(x$fpl$dadd)
    $v0                                      0x080017b4   Number         0  daddsub_clz.o(x$fpl$dadd)
    _dadd1                                   0x080017c5   Thumb Code     0  daddsub_clz.o(x$fpl$dadd)
    x$fpl$dcmpinf                            0x08001904   Section       24  dcmpi.o(x$fpl$dcmpinf)
    $v0                                      0x08001904   Number         0  dcmpi.o(x$fpl$dcmpinf)
    x$fpl$dfixu                              0x0800191c   Section       90  dfixu.o(x$fpl$dfixu)
    $v0                                      0x0800191c   Number         0  dfixu.o(x$fpl$dfixu)
    x$fpl$dleqf                              0x08001978   Section      120  dleqf.o(x$fpl$dleqf)
    $v0                                      0x08001978   Number         0  dleqf.o(x$fpl$dleqf)
    x$fpl$dnaninf                            0x080019f0   Section      156  dnaninf.o(x$fpl$dnaninf)
    $v0                                      0x080019f0   Number         0  dnaninf.o(x$fpl$dnaninf)
    x$fpl$dretinf                            0x08001a8c   Section       12  dretinf.o(x$fpl$dretinf)
    $v0                                      0x08001a8c   Number         0  dretinf.o(x$fpl$dretinf)
    x$fpl$drleqf                             0x08001a98   Section      108  drleqf.o(x$fpl$drleqf)
    $v0                                      0x08001a98   Number         0  drleqf.o(x$fpl$drleqf)
    x$fpl$drsb                               0x08001b04   Section       22  daddsub_clz.o(x$fpl$drsb)
    $v0                                      0x08001b04   Number         0  daddsub_clz.o(x$fpl$drsb)
    x$fpl$dsub                               0x08001b1c   Section      468  daddsub_clz.o(x$fpl$dsub)
    $v0                                      0x08001b1c   Number         0  daddsub_clz.o(x$fpl$dsub)
    _dsub1                                   0x08001b2d   Thumb Code     0  daddsub_clz.o(x$fpl$dsub)
    x$fpl$f2d                                0x08001cf0   Section       86  f2d.o(x$fpl$f2d)
    $v0                                      0x08001cf0   Number         0  f2d.o(x$fpl$f2d)
    x$fpl$fnaninf                            0x08001d46   Section      140  fnaninf.o(x$fpl$fnaninf)
    $v0                                      0x08001d46   Number         0  fnaninf.o(x$fpl$fnaninf)
    x$fpl$fpinit                             0x08001dd2   Section       10  fpinit.o(x$fpl$fpinit)
    $v0                                      0x08001dd2   Number         0  fpinit.o(x$fpl$fpinit)
    x$fpl$usenofp                            0x08001ddc   Section        0  usenofp.o(x$fpl$usenofp)
    .data                                    0x20000000   Section      198  main.o(.data)
    .data                                    0x200000c8   Section       12  rcc.o(.data)
    .data                                    0x200000d4   Section       11  systick.o(.data)
    .data                                    0x200000e0   Section       20  exti.o(.data)
    .data                                    0x200000f4   Section        4  nvic.o(.data)
    .data                                    0x200000f8   Section        7  timer.o(.data)
    .data                                    0x20000100   Section       12  usart.o(.data)
    .data                                    0x2000010c   Section       16  spi.o(.data)
    .data                                    0x2000011c   Section       20  soft_i2c.o(.data)
    .bss                                     0x20000130   Section       96  libspace.o(.bss)
    HEAP                                     0x20000190   Section      512  startup_stm32f407xx.o(HEAP)
    Heap_Mem                                 0x20000190   Data         512  startup_stm32f407xx.o(HEAP)
    STACK                                    0x20000390   Section     1024  startup_stm32f407xx.o(STACK)
    Stack_Mem                                0x20000390   Data        1024  startup_stm32f407xx.o(STACK)
    __initial_sp                             0x20000790   Data           0  startup_stm32f407xx.o(STACK)

    Global Symbols

    Symbol Name                              Value     Ov Type        Size  Object(Section)

    BuildAttributes$$THM_ISAv4$E$P$D$K$B$S$7EM$VFPi3$EXTD16$VFPS$VFMA$PE$A:L22UL41UL21$X:L11$S22US41US21$IEEE1$IW$USESV6$~STKCKD$USESV7$~SHL$OTIME$ROPI$IEEEJ$EBA8$UX$STANDARDLIB$REQ8$PRES8$EABIv2 0x00000000   Number         0  anon$$obj.o ABSOLUTE
    __ARM_use_no_argv                        0x00000000   Number         0  main.o ABSOLUTE
    __ARM_exceptions_init                     - Undefined Weak Reference
    __alloca_initialize                       - Undefined Weak Reference
    __arm_preinit_                            - Undefined Weak Reference
    __cpp_initialize__aeabi_                  - Undefined Weak Reference
    __cxa_finalize                            - Undefined Weak Reference
    __rt_locale                               - Undefined Weak Reference
    __sigvec_lookup                           - Undefined Weak Reference
    __user_heap_extent                        - Undefined Weak Reference
    _atexit_init                              - Undefined Weak Reference
    _call_atexit_fns                          - Undefined Weak Reference
    _clock_init                               - Undefined Weak Reference
    _fp_trap_init                             - Undefined Weak Reference
    _fp_trap_shutdown                         - Undefined Weak Reference
    _get_lc_collate                           - Undefined Weak Reference
    _get_lc_ctype                             - Undefined Weak Reference
    _get_lc_monetary                          - Undefined Weak Reference
    _get_lc_numeric                           - Undefined Weak Reference
    _get_lc_time                              - Undefined Weak Reference
    _getenv_init                              - Undefined Weak Reference
    _handle_redirection                       - Undefined Weak Reference
    _initio                                   - Undefined Weak Reference
    _mutex_acquire                            - Undefined Weak Reference
    _mutex_free                               - Undefined Weak Reference
    _mutex_release                            - Undefined Weak Reference
    _rand_init                                - Undefined Weak Reference
    _signal_finish                            - Undefined Weak Reference
    _signal_init                              - Undefined Weak Reference
    _terminateio                              - Undefined Weak Reference
    __Vectors_Size                           0x00000188   Number         0  startup_stm32f407xx.o ABSOLUTE
    __Vectors                                0x08000000   Data           4  startup_stm32f407xx.o(RESET)
    __Vectors_End                            0x08000188   Data           0  startup_stm32f407xx.o(RESET)
    __main                                   0x08000189   Thumb Code     8  __main.o(!!!main)
    __scatterload                            0x08000191   Thumb Code     0  __scatter.o(!!!scatter)
    __scatterload_rt2                        0x08000191   Thumb Code    44  __scatter.o(!!!scatter)
    __scatterload_rt2_thumb_only             0x08000191   Thumb Code     0  __scatter.o(!!!scatter)
    __scatterload_null                       0x0800019f   Thumb Code     0  __scatter.o(!!!scatter)
    __decompress                             0x080001c5   Thumb Code    90  __dczerorl2.o(!!dczerorl2)
    __decompress1                            0x080001c5   Thumb Code     0  __dczerorl2.o(!!dczerorl2)
    __scatterload_zeroinit                   0x08000221   Thumb Code    28  __scatter_zi.o(!!handler_zi)
    __rt_lib_init                            0x0800023d   Thumb Code     0  libinit.o(.ARM.Collect$$libinit$$00000000)
    __rt_lib_init_fp_1                       0x0800023f   Thumb Code     0  libinit2.o(.ARM.Collect$$libinit$$00000001)
    __rt_lib_init_alloca_1                   0x08000243   Thumb Code     0  libinit2.o(.ARM.Collect$$libinit$$0000002E)
    __rt_lib_init_argv_1                     0x08000243   Thumb Code     0  libinit2.o(.ARM.Collect$$libinit$$0000002C)
    __rt_lib_init_atexit_1                   0x08000243   Thumb Code     0  libinit2.o(.ARM.Collect$$libinit$$0000001B)
    __rt_lib_init_clock_1                    0x08000243   Thumb Code     0  libinit2.o(.ARM.Collect$$libinit$$00000021)
    __rt_lib_init_cpp_1                      0x08000243   Thumb Code     0  libinit2.o(.ARM.Collect$$libinit$$00000032)
    __rt_lib_init_exceptions_1               0x08000243   Thumb Code     0  libinit2.o(.ARM.Collect$$libinit$$00000030)
    __rt_lib_init_fp_trap_1                  0x08000243   Thumb Code     0  libinit2.o(.ARM.Collect$$libinit$$0000001F)
    __rt_lib_init_getenv_1                   0x08000243   Thumb Code     0  libinit2.o(.ARM.Collect$$libinit$$00000023)
    __rt_lib_init_heap_1                     0x08000243   Thumb Code     0  libinit2.o(.ARM.Collect$$libinit$$0000000A)
    __rt_lib_init_lc_collate_1               0x08000243   Thumb Code     0  libinit2.o(.ARM.Collect$$libinit$$00000011)
    __rt_lib_init_lc_ctype_1                 0x08000243   Thumb Code     0  libinit2.o(.ARM.Collect$$libinit$$00000013)
    __rt_lib_init_lc_monetary_1              0x08000243   Thumb Code     0  libinit2.o(.ARM.Collect$$libinit$$00000015)
    __rt_lib_init_lc_numeric_1               0x08000243   Thumb Code     0  libinit2.o(.ARM.Collect$$libinit$$00000017)
    __rt_lib_init_lc_time_1                  0x08000243   Thumb Code     0  libinit2.o(.ARM.Collect$$libinit$$00000019)
    __rt_lib_init_preinit_1                  0x08000243   Thumb Code     0  libinit2.o(.ARM.Collect$$libinit$$00000004)
    __rt_lib_init_rand_1                     0x08000243   Thumb Code     0  libinit2.o(.ARM.Collect$$libinit$$0000000E)
    __rt_lib_init_return                     0x08000243   Thumb Code     0  libinit2.o(.ARM.Collect$$libinit$$00000033)
    __rt_lib_init_signal_1                   0x08000243   Thumb Code     0  libinit2.o(.ARM.Collect$$libinit$$0000001D)
    __rt_lib_init_stdio_1                    0x08000243   Thumb Code     0  libinit2.o(.ARM.Collect$$libinit$$00000025)
    __rt_lib_init_user_alloc_1               0x08000243   Thumb Code     0  libinit2.o(.ARM.Collect$$libinit$$0000000C)
    __rt_lib_shutdown                        0x08000245   Thumb Code     0  libshutdown.o(.ARM.Collect$$libshutdown$$00000000)
    __rt_lib_shutdown_cpp_1                  0x08000247   Thumb Code     0  libshutdown2.o(.ARM.Collect$$libshutdown$$00000002)
    __rt_lib_shutdown_fp_trap_1              0x08000247   Thumb Code     0  libshutdown2.o(.ARM.Collect$$libshutdown$$00000007)
    __rt_lib_shutdown_heap_1                 0x08000247   Thumb Code     0  libshutdown2.o(.ARM.Collect$$libshutdown$$0000000F)
    __rt_lib_shutdown_return                 0x08000247   Thumb Code     0  libshutdown2.o(.ARM.Collect$$libshutdown$$00000010)
    __rt_lib_shutdown_signal_1               0x08000247   Thumb Code     0  libshutdown2.o(.ARM.Collect$$libshutdown$$0000000A)
    __rt_lib_shutdown_stdio_1                0x08000247   Thumb Code     0  libshutdown2.o(.ARM.Collect$$libshutdown$$00000004)
    __rt_lib_shutdown_user_alloc_1           0x08000247   Thumb Code     0  libshutdown2.o(.ARM.Collect$$libshutdown$$0000000C)
    __rt_entry                               0x08000249   Thumb Code     0  __rtentry.o(.ARM.Collect$$rtentry$$00000000)
    __rt_entry_presh_1                       0x08000249   Thumb Code     0  __rtentry2.o(.ARM.Collect$$rtentry$$00000002)
    __rt_entry_sh                            0x08000249   Thumb Code     0  __rtentry4.o(.ARM.Collect$$rtentry$$00000004)
    __rt_entry_li                            0x0800024f   Thumb Code     0  __rtentry2.o(.ARM.Collect$$rtentry$$0000000A)
    __rt_entry_postsh_1                      0x0800024f   Thumb Code     0  __rtentry2.o(.ARM.Collect$$rtentry$$00000009)
    __rt_entry_main                          0x08000253   Thumb Code     0  __rtentry2.o(.ARM.Collect$$rtentry$$0000000D)
    __rt_entry_postli_1                      0x08000253   Thumb Code     0  __rtentry2.o(.ARM.Collect$$rtentry$$0000000C)
    __rt_exit                                0x0800025b   Thumb Code     0  rtexit.o(.ARM.Collect$$rtexit$$00000000)
    __rt_exit_ls                             0x0800025d   Thumb Code     0  rtexit2.o(.ARM.Collect$$rtexit$$00000003)
    __rt_exit_prels_1                        0x0800025d   Thumb Code     0  rtexit2.o(.ARM.Collect$$rtexit$$00000002)
    __rt_exit_exit                           0x08000261   Thumb Code     0  rtexit2.o(.ARM.Collect$$rtexit$$00000004)
    Reset_Handler                            0x08000269   Thumb Code     8  startup_stm32f407xx.o(.text)
    NMI_Handler                              0x08000271   Thumb Code     2  startup_stm32f407xx.o(.text)
    HardFault_Handler                        0x08000273   Thumb Code     2  startup_stm32f407xx.o(.text)
    MemManage_Handler                        0x08000275   Thumb Code     2  startup_stm32f407xx.o(.text)
    BusFault_Handler                         0x08000277   Thumb Code     2  startup_stm32f407xx.o(.text)
    UsageFault_Handler                       0x08000279   Thumb Code     2  startup_stm32f407xx.o(.text)
    SVC_Handler                              0x0800027b   Thumb Code     2  startup_stm32f407xx.o(.text)
    DebugMon_Handler                         0x0800027d   Thumb Code     2  startup_stm32f407xx.o(.text)
    PendSV_Handler                           0x0800027f   Thumb Code     2  startup_stm32f407xx.o(.text)
    ADC_IRQHandler                           0x08000283   Thumb Code     0  startup_stm32f407xx.o(.text)
    CAN1_RX0_IRQHandler                      0x08000283   Thumb Code     0  startup_stm32f407xx.o(.text)
    CAN1_RX1_IRQHandler                      0x08000283   Thumb Code     0  startup_stm32f407xx.o(.text)
    CAN1_SCE_IRQHandler                      0x08000283   Thumb Code     0  startup_stm32f407xx.o(.text)
    CAN1_TX_IRQHandler                       0x08000283   Thumb Code     0  startup_stm32f407xx.o(.text)
    CAN2_RX0_IRQHandler                      0x08000283   Thumb Code     0  startup_stm32f407xx.o(.text)
    CAN2_RX1_IRQHandler                      0x08000283   Thumb Code     0  startup_stm32f407xx.o(.text)
    CAN2_SCE_IRQHandler                      0x08000283   Thumb Code     0  startup_stm32f407xx.o(.text)
    CAN2_TX_IRQHandler                       0x08000283   Thumb Code     0  startup_stm32f407xx.o(.text)
    DCMI_IRQHandler                          0x08000283   Thumb Code     0  startup_stm32f407xx.o(.text)
    DMA1_Stream0_IRQHandler                  0x08000283   Thumb Code     0  startup_stm32f407xx.o(.text)
    DMA1_Stream1_IRQHandler                  0x08000283   Thumb Code     0  startup_stm32f407xx.o(.text)
    DMA1_Stream2_IRQHandler                  0x08000283   Thumb Code     0  startup_stm32f407xx.o(.text)
    DMA1_Stream3_IRQHandler                  0x08000283   Thumb Code     0  startup_stm32f407xx.o(.text)
    DMA1_Stream4_IRQHandler                  0x08000283   Thumb Code     0  startup_stm32f407xx.o(.text)
    DMA1_Stream5_IRQHandler                  0x08000283   Thumb Code     0  startup_stm32f407xx.o(.text)
    DMA1_Stream6_IRQHandler                  0x08000283   Thumb Code     0  startup_stm32f407xx.o(.text)
    DMA1_Stream7_IRQHandler                  0x08000283   Thumb Code     0  startup_stm32f407xx.o(.text)
    DMA2_Stream0_IRQHandler                  0x08000283   Thumb Code     0  startup_stm32f407xx.o(.text)
    DMA2_Stream1_IRQHandler                  0x08000283   Thumb Code     0  startup_stm32f407xx.o(.text)
    DMA2_Stream2_IRQHandler                  0x08000283   Thumb Code     0  startup_stm32f407xx.o(.text)
    DMA2_Stream3_IRQHandler                  0x08000283   Thumb Code     0  startup_stm32f407xx.o(.text)
    DMA2_Stream4_IRQHandler                  0x08000283   Thumb Code     0  startup_stm32f407xx.o(.text)
    DMA2_Stream5_IRQHandler                  0x08000283   Thumb Code     0  startup_stm32f407xx.o(.text)
    DMA2_Stream6_IRQHandler                  0x08000283   Thumb Code     0  startup_stm32f407xx.o(.text)
    DMA2_Stream7_IRQHandler                  0x08000283   Thumb Code     0  startup_stm32f407xx.o(.text)
    ETH_IRQHandler                           0x08000283   Thumb Code     0  startup_stm32f407xx.o(.text)
    ETH_WKUP_IRQHandler                      0x08000283   Thumb Code     0  startup_stm32f407xx.o(.text)
    EXTI0_IRQHandler                         0x08000283   Thumb Code     0  startup_stm32f407xx.o(.text)
    EXTI15_10_IRQHandler                     0x08000283   Thumb Code     0  startup_stm32f407xx.o(.text)
    EXTI3_IRQHandler                         0x08000283   Thumb Code     0  startup_stm32f407xx.o(.text)
    EXTI4_IRQHandler                         0x08000283   Thumb Code     0  startup_stm32f407xx.o(.text)
    EXTI9_5_IRQHandler                       0x08000283   Thumb Code     0  startup_stm32f407xx.o(.text)
    FLASH_IRQHandler                         0x08000283   Thumb Code     0  startup_stm32f407xx.o(.text)
    FMC_IRQHandler                           0x08000283   Thumb Code     0  startup_stm32f407xx.o(.text)
    FPU_IRQHandler                           0x08000283   Thumb Code     0  startup_stm32f407xx.o(.text)
    HASH_RNG_IRQHandler                      0x08000283   Thumb Code     0  startup_stm32f407xx.o(.text)
    I2C1_ER_IRQHandler                       0x08000283   Thumb Code     0  startup_stm32f407xx.o(.text)
    I2C1_EV_IRQHandler                       0x08000283   Thumb Code     0  startup_stm32f407xx.o(.text)
    I2C2_ER_IRQHandler                       0x08000283   Thumb Code     0  startup_stm32f407xx.o(.text)
    I2C2_EV_IRQHandler                       0x08000283   Thumb Code     0  startup_stm32f407xx.o(.text)
    I2C3_ER_IRQHandler                       0x08000283   Thumb Code     0  startup_stm32f407xx.o(.text)
    I2C3_EV_IRQHandler                       0x08000283   Thumb Code     0  startup_stm32f407xx.o(.text)
    OTG_FS_IRQHandler                        0x08000283   Thumb Code     0  startup_stm32f407xx.o(.text)
    OTG_FS_WKUP_IRQHandler                   0x08000283   Thumb Code     0  startup_stm32f407xx.o(.text)
    OTG_HS_EP1_IN_IRQHandler                 0x08000283   Thumb Code     0  startup_stm32f407xx.o(.text)
    OTG_HS_EP1_OUT_IRQHandler                0x08000283   Thumb Code     0  startup_stm32f407xx.o(.text)
    OTG_HS_IRQHandler                        0x08000283   Thumb Code     0  startup_stm32f407xx.o(.text)
    OTG_HS_WKUP_IRQHandler                   0x08000283   Thumb Code     0  startup_stm32f407xx.o(.text)
    PVD_IRQHandler                           0x08000283   Thumb Code     0  startup_stm32f407xx.o(.text)
    RCC_IRQHandler                           0x08000283   Thumb Code     0  startup_stm32f407xx.o(.text)
    RTC_Alarm_IRQHandler                     0x08000283   Thumb Code     0  startup_stm32f407xx.o(.text)
    RTC_WKUP_IRQHandler                      0x08000283   Thumb Code     0  startup_stm32f407xx.o(.text)
    SDIO_IRQHandler                          0x08000283   Thumb Code     0  startup_stm32f407xx.o(.text)
    SPI1_IRQHandler                          0x08000283   Thumb Code     0  startup_stm32f407xx.o(.text)
    SPI2_IRQHandler                          0x08000283   Thumb Code     0  startup_stm32f407xx.o(.text)
    SPI3_IRQHandler                          0x08000283   Thumb Code     0  startup_stm32f407xx.o(.text)
    TAMP_STAMP_IRQHandler                    0x08000283   Thumb Code     0  startup_stm32f407xx.o(.text)
    TIM1_BRK_TIM9_IRQHandler                 0x08000283   Thumb Code     0  startup_stm32f407xx.o(.text)
    TIM1_TRG_COM_TIM11_IRQHandler            0x08000283   Thumb Code     0  startup_stm32f407xx.o(.text)
    TIM1_UP_TIM10_IRQHandler                 0x08000283   Thumb Code     0  startup_stm32f407xx.o(.text)
    TIM5_IRQHandler                          0x08000283   Thumb Code     0  startup_stm32f407xx.o(.text)
    TIM6_DAC_IRQHandler                      0x08000283   Thumb Code     0  startup_stm32f407xx.o(.text)
    TIM8_BRK_TIM12_IRQHandler                0x08000283   Thumb Code     0  startup_stm32f407xx.o(.text)
    TIM8_CC_IRQHandler                       0x08000283   Thumb Code     0  startup_stm32f407xx.o(.text)
    TIM8_TRG_COM_TIM14_IRQHandler            0x08000283   Thumb Code     0  startup_stm32f407xx.o(.text)
    TIM8_UP_TIM13_IRQHandler                 0x08000283   Thumb Code     0  startup_stm32f407xx.o(.text)
    UART4_IRQHandler                         0x08000283   Thumb Code     0  startup_stm32f407xx.o(.text)
    UART5_IRQHandler                         0x08000283   Thumb Code     0  startup_stm32f407xx.o(.text)
    USART1_IRQHandler                        0x08000283   Thumb Code     0  startup_stm32f407xx.o(.text)
    USART3_IRQHandler                        0x08000283   Thumb Code     0  startup_stm32f407xx.o(.text)
    USART6_IRQHandler                        0x08000283   Thumb Code     0  startup_stm32f407xx.o(.text)
    WWDG_IRQHandler                          0x08000283   Thumb Code     0  startup_stm32f407xx.o(.text)
    __user_initial_stackheap                 0x08000285   Thumb Code     0  startup_stm32f407xx.o(.text)
    __use_two_region_memory                  0x080002a9   Thumb Code     2  heapauxi.o(.text)
    __rt_heap_escrow                         0x080002ab   Thumb Code     2  heapauxi.o(.text)
    __rt_heap_expand                         0x080002ad   Thumb Code     2  heapauxi.o(.text)
    __user_libspace                          0x080002b1   Thumb Code     8  libspace.o(.text)
    __user_perproc_libspace                  0x080002b1   Thumb Code     0  libspace.o(.text)
    __user_perthread_libspace                0x080002b1   Thumb Code     0  libspace.o(.text)
    __I$use$semihosting                      0x080002b9   Thumb Code     0  use_no_semi.o(.text)
    __use_no_semihosting_swi                 0x080002b9   Thumb Code     2  use_no_semi.o(.text)
    __semihosting_library_function           0x080002bb   Thumb Code     0  indicate_semi.o(.text)
    __user_setup_stackheap                   0x080002bb   Thumb Code    74  sys_stackheap_outer.o(.text)
    exit                                     0x08000305   Thumb Code    18  exit.o(.text)
    _sys_exit                                0x08000319   Thumb Code     8  sys_exit.o(.text)
    EXTI1_IRQHandler                         0x08000325   Thumb Code     8  irq_handler.o(i.EXTI1_IRQHandler)
    EXTI2_IRQHandler                         0x0800032d   Thumb Code     8  irq_handler.o(i.EXTI2_IRQHandler)
    EXTI_ClearFlagInterruptInLine            0x08000335   Thumb Code    20  exti.o(i.EXTI_ClearFlagInterruptInLine)
    EXTI_Configuration                       0x0800034d   Thumb Code   122  exti.o(i.EXTI_Configuration)
    EXTI_SettingMaskEventRequest             0x080003cd   Thumb Code    20  exti.o(i.EXTI_SettingMaskEventRequest)
    EXTI_SettingMaskInterrupt                0x080003e5   Thumb Code    20  exti.o(i.EXTI_SettingMaskInterrupt)
    GPIO_ConfigAlternateFunc                 0x080003fd   Thumb Code    50  gpio.o(i.GPIO_ConfigAlternateFunc)
    GPIO_Configuration                       0x0800042f   Thumb Code    66  gpio.o(i.GPIO_Configuration)
    GPIO_EnableClock                         0x08000471   Thumb Code   164  gpio.o(i.GPIO_EnableClock)
    GPIO_SetInputType                        0x08000541   Thumb Code    16  gpio.o(i.GPIO_SetInputType)
    GPIO_Set_Mode                            0x08000551   Thumb Code    16  gpio.o(i.GPIO_Set_Mode)
    GPIO_Set_OutputSpeed                     0x08000561   Thumb Code    16  gpio.o(i.GPIO_Set_OutputSpeed)
    GPIO_Set_OutputType                      0x08000571   Thumb Code    14  gpio.o(i.GPIO_Set_OutputType)
    GPIO_SettingOutputDataBSRR               0x0800057f   Thumb Code    26  gpio.o(i.GPIO_SettingOutputDataBSRR)
    GetFlagTimerSystick500ms                 0x08000599   Thumb Code    10  systick.o(i.GetFlagTimerSystick500ms)
    HandleLED1                               0x080005a9   Thumb Code    62  exti.o(i.HandleLED1)
    HandleLED2                               0x080005f5   Thumb Code    62  exti.o(i.HandleLED2)
    InitSystemTimer                          0x08000641   Thumb Code    20  systick.o(i.InitSystemTimer)
    LoopSystickTimerSetting                  0x08000659   Thumb Code   226  systick.o(i.LoopSystickTimerSetting)
    LoopTimerSetting                         0x08000759   Thumb Code   224  timer.o(i.LoopTimerSetting)
    NVIC_ClearInterruptEnable                0x08000855   Thumb Code    62  nvic.o(i.NVIC_ClearInterruptEnable)
    NVIC_Configuration                       0x08000899   Thumb Code    40  nvic.o(i.NVIC_Configuration)
    NVIC_Init                                0x080008c1   Thumb Code    12  nvic.o(i.NVIC_Init)
    NVIC_SetInterruptEnable                  0x080008cd   Thumb Code    58  nvic.o(i.NVIC_SetInterruptEnable)
    NVIC_SetPriority                         0x0800090d   Thumb Code    12  nvic.o(i.NVIC_SetPriority)
    RCC_EnablePeripheralClock                0x0800091d   Thumb Code    82  rcc.o(i.RCC_EnablePeripheralClock)
    RCC_SettingSystemClock16MHz              0x08000975   Thumb Code    74  rcc.o(i.RCC_SettingSystemClock16MHz)
    SPI_ConfigGPIOPinForSPI                  0x080009c5   Thumb Code   462  spi.o(i.SPI_ConfigGPIOPinForSPI)
    SPI_Configuration                        0x08000bad   Thumb Code   124  spi.o(i.SPI_Configuration)
    SYSCFG_ConfigPortEXTI                    0x08000c29   Thumb Code    74  exti.o(i.SYSCFG_ConfigPortEXTI)
    SettingSystemTimer                       0x08000c79   Thumb Code   106  systick.o(i.SettingSystemTimer)
    SoftI2C_Configuration                    0x08000ce9   Thumb Code    22  soft_i2c.o(i.SoftI2C_Configuration)
    SoftI2C_GPIOConfiguration                0x08000d01   Thumb Code   272  soft_i2c.o(i.SoftI2C_GPIOConfiguration)
    SoftI2C_Init                             0x08000e19   Thumb Code   100  soft_i2c.o(i.SoftI2C_Init)
    SoftI2C_Start                            0x08000e85   Thumb Code   100  soft_i2c.o(i.SoftI2C_Start)
    SysTickSettingEnableCounter              0x08000ef1   Thumb Code    40  systick.o(i.SysTickSettingEnableCounter)
    SysTickSettingReloadValue                0x08000f1d   Thumb Code    28  systick.o(i.SysTickSettingReloadValue)
    SysTick_Handler                          0x08000f41   Thumb Code    12  irq_handler.o(i.SysTick_Handler)
    SystemInit                               0x08000f51   Thumb Code    14  system_stm32f4xx.o(i.SystemInit)
    TIM1_CC_IRQHandler                       0x08000f65   Thumb Code     2  irq_handler.o(i.TIM1_CC_IRQHandler)
    TIM2_IRQHandler                          0x08000f67   Thumb Code     2  irq_handler.o(i.TIM2_IRQHandler)
    TIM3_IRQHandler                          0x08000f69   Thumb Code    12  irq_handler.o(i.TIM3_IRQHandler)
    TIM4_IRQHandler                          0x08000f79   Thumb Code     2  irq_handler.o(i.TIM4_IRQHandler)
    TIM7_IRQHandler                          0x08000f7d   Thumb Code    12  irq_handler.o(i.TIM7_IRQHandler)
    Timer_Configuration                      0x08000f8d   Thumb Code    76  timer.o(i.Timer_Configuration)
    Timer_EnableClock                        0x08000fdd   Thumb Code   206  timer.o(i.Timer_EnableClock)
    Timer_SettingCounter                     0x080010e1   Thumb Code    20  timer.o(i.Timer_SettingCounter)
    Timer_SettingInterrupt                   0x080010f5   Thumb Code    22  timer.o(i.Timer_SettingInterrupt)
    USART2_IRQHandler                        0x0800110d   Thumb Code    46  irq_handler.o(i.USART2_IRQHandler)
    USART_BaudrateCalculator                 0x08001145   Thumb Code   152  usart.o(i.USART_BaudrateCalculator)
    USART_Configuration                      0x080011dd   Thumb Code   604  usart.o(i.USART_Configuration)
    USART_ReceiverDataInterruptEnable        0x08001461   Thumb Code    10  usart.o(i.USART_ReceiverDataInterruptEnable)
    USART_SendData                           0x0800146b   Thumb Code    38  usart.o(i.USART_SendData)
    __hardfp_ceil                            0x08001491   Thumb Code   252  ceil.o(i.__hardfp_ceil)
    main                                     0x080015a9   Thumb Code   470  main.o(i.main)
    __aeabi_dadd                             0x080017b5   Thumb Code     0  daddsub_clz.o(x$fpl$dadd)
    _dadd                                    0x080017b5   Thumb Code   332  daddsub_clz.o(x$fpl$dadd)
    __fpl_dcmp_Inf                           0x08001905   Thumb Code    24  dcmpi.o(x$fpl$dcmpinf)
    __aeabi_d2uiz                            0x0800191d   Thumb Code     0  dfixu.o(x$fpl$dfixu)
    _dfixu                                   0x0800191d   Thumb Code    90  dfixu.o(x$fpl$dfixu)
    __aeabi_cdcmple                          0x08001979   Thumb Code     0  dleqf.o(x$fpl$dleqf)
    _dcmple                                  0x08001979   Thumb Code   120  dleqf.o(x$fpl$dleqf)
    __fpl_dcmple_InfNaN                      0x080019db   Thumb Code     0  dleqf.o(x$fpl$dleqf)
    __fpl_dnaninf                            0x080019f1   Thumb Code   156  dnaninf.o(x$fpl$dnaninf)
    __fpl_dretinf                            0x08001a8d   Thumb Code    12  dretinf.o(x$fpl$dretinf)
    __aeabi_cdrcmple                         0x08001a99   Thumb Code     0  drleqf.o(x$fpl$drleqf)
    _drcmple                                 0x08001a99   Thumb Code   108  drleqf.o(x$fpl$drleqf)
    __aeabi_drsub                            0x08001b05   Thumb Code     0  daddsub_clz.o(x$fpl$drsb)
    _drsb                                    0x08001b05   Thumb Code    22  daddsub_clz.o(x$fpl$drsb)
    __aeabi_dsub                             0x08001b1d   Thumb Code     0  daddsub_clz.o(x$fpl$dsub)
    _dsub                                    0x08001b1d   Thumb Code   464  daddsub_clz.o(x$fpl$dsub)
    __aeabi_f2d                              0x08001cf1   Thumb Code     0  f2d.o(x$fpl$f2d)
    _f2d                                     0x08001cf1   Thumb Code    86  f2d.o(x$fpl$f2d)
    __fpl_fnaninf                            0x08001d47   Thumb Code   140  fnaninf.o(x$fpl$fnaninf)
    _fp_init                                 0x08001dd3   Thumb Code    10  fpinit.o(x$fpl$fpinit)
    __fplib_config_fpu_vfp                   0x08001ddb   Thumb Code     0  fpinit.o(x$fpl$fpinit)
    __fplib_config_pureend_doubles           0x08001ddb   Thumb Code     0  fpinit.o(x$fpl$fpinit)
    Region$$Table$$Base                      0x08001ddc   Number         0  anon$$obj.o(Region$$Table)
    __I$use$fp                               0x08001ddc   Number         0  usenofp.o(x$fpl$usenofp)
    Region$$Table$$Limit                     0x08001dfc   Number         0  anon$$obj.o(Region$$Table)
    GPIO_A                                   0x20000000   Data           4  main.o(.data)
    GPIO_B                                   0x20000004   Data           4  main.o(.data)
    GPIO_C                                   0x20000008   Data           4  main.o(.data)
    GPIO_D                                   0x2000000c   Data           4  main.o(.data)
    GPIO_E                                   0x20000010   Data           4  main.o(.data)
    GPIO_F                                   0x20000014   Data           4  main.o(.data)
    GPIO_G                                   0x20000018   Data           4  main.o(.data)
    GPIO_H                                   0x2000001c   Data           4  main.o(.data)
    GPIO_I                                   0x20000020   Data           4  main.o(.data)
    GPIO_J                                   0x20000024   Data           4  main.o(.data)
    GPIO_K                                   0x20000028   Data           4  main.o(.data)
    _SCB_ACTLR                               0x2000002c   Data           4  main.o(.data)
    TIMER1                                   0x20000030   Data           4  main.o(.data)
    TIMER2                                   0x20000034   Data           4  main.o(.data)
    TIMER3                                   0x20000038   Data           4  main.o(.data)
    TIMER4                                   0x2000003c   Data           4  main.o(.data)
    TIMER5                                   0x20000040   Data           4  main.o(.data)
    TIMER6                                   0x20000044   Data           4  main.o(.data)
    TIMER7                                   0x20000048   Data           4  main.o(.data)
    TIMER8                                   0x2000004c   Data           4  main.o(.data)
    TIMER9                                   0x20000050   Data           4  main.o(.data)
    TIMER10                                  0x20000054   Data           4  main.o(.data)
    TIMER11                                  0x20000058   Data           4  main.o(.data)
    TIMER12                                  0x2000005c   Data           4  main.o(.data)
    TIMER13                                  0x20000060   Data           4  main.o(.data)
    TIMER14                                  0x20000064   Data           4  main.o(.data)
    UART4                                    0x20000068   Data           4  main.o(.data)
    UART5                                    0x2000006c   Data           4  main.o(.data)
    USART1                                   0x20000070   Data           4  main.o(.data)
    USART2                                   0x20000074   Data           4  main.o(.data)
    USART3                                   0x20000078   Data           4  main.o(.data)
    USART6                                   0x2000007c   Data           4  main.o(.data)
    SPI1                                     0x20000080   Data           4  main.o(.data)
    SPI2                                     0x20000084   Data           4  main.o(.data)
    SPI3                                     0x20000088   Data           4  main.o(.data)
    i2c1                                     0x2000008c   Data           4  main.o(.data)
    i2c2                                     0x20000090   Data           4  main.o(.data)
    i2c3                                     0x20000094   Data           4  main.o(.data)
    testvalue                                0x20000098   Data           1  main.o(.data)
    testvalue1                               0x20000099   Data           1  main.o(.data)
    testit                                   0x2000009a   Data           1  main.o(.data)
    i                                        0x2000009c   Data           4  main.o(.data)
    time_it                                  0x200000a0   Data           4  main.o(.data)
    value_re_RT                              0x200000a4   Data           6  main.o(.data)
    value_re_IT                              0x200000aa   Data           1  main.o(.data)
    value_re_IT_spi                          0x200000ab   Data           1  main.o(.data)
    buffer                                   0x200000ac   Data          13  main.o(.data)
    buffer_re                                0x200000b9   Data           1  main.o(.data)
    size_buff                                0x200000ba   Data           1  main.o(.data)
    value_re                                 0x200000bb   Data           1  main.o(.data)
    data                                     0x200000bc   Data           1  main.o(.data)
    lck_genx                                 0x200000bd   Data           1  main.o(.data)
    start_condition                          0x200000be   Data           1  main.o(.data)
    data_init_lcd1                           0x200000bf   Data           7  main.o(.data)
    _RCC                                     0x200000c8   Data           4  rcc.o(.data)
    _PWR                                     0x200000cc   Data           4  rcc.o(.data)
    _FLASH                                   0x200000d0   Data           4  rcc.o(.data)
    systick                                  0x200000d4   Data           4  systick.o(.data)
    systick_timer_loop_1ms_IT                0x200000d8   Data           1  systick.o(.data)
    systick_timer_loop10ms                   0x200000d9   Data           1  systick.o(.data)
    systick_timer_loop50ms                   0x200000da   Data           1  systick.o(.data)
    systick_timer_loop100ms                  0x200000db   Data           1  systick.o(.data)
    systick_timer_loop500ms                  0x200000dc   Data           1  systick.o(.data)
    systick_timer_loop1s                     0x200000dd   Data           1  systick.o(.data)
    systick_timer_fl                         0x200000de   Data           1  systick.o(.data)
    _EXTI                                    0x200000e0   Data           4  exti.o(.data)
    _SYSCFG                                  0x200000e4   Data           4  exti.o(.data)
    gpio_A                                   0x200000e8   Data           4  exti.o(.data)
    gpio_D                                   0x200000ec   Data           4  exti.o(.data)
    index                                    0x200000f0   Data           4  exti.o(.data)
    _NVIC                                    0x200000f4   Data           4  nvic.o(.data)
    timer_loop1ms_IT                         0x200000f8   Data           1  timer.o(.data)
    timer_loop10ms                           0x200000f9   Data           1  timer.o(.data)
    timer_loop50ms                           0x200000fa   Data           1  timer.o(.data)
    timer_loop100ms                          0x200000fb   Data           1  timer.o(.data)
    timer_loop500ms                          0x200000fc   Data           1  timer.o(.data)
    timer_loop1s                             0x200000fd   Data           1  timer.o(.data)
    timer_fl                                 0x200000fe   Data           1  timer.o(.data)
    gpio_a                                   0x20000100   Data           4  usart.o(.data)
    gpio_c                                   0x20000104   Data           4  usart.o(.data)
    gpio_d                                   0x20000108   Data           4  usart.o(.data)
    rcc                                      0x2000010c   Data           4  spi.o(.data)
    gpio_A_SPI                               0x20000110   Data           4  spi.o(.data)
    gpio_B_SPI                               0x20000114   Data           4  spi.o(.data)
    gpio_C_SPI                               0x20000118   Data           4  spi.o(.data)
    clk_gen                                  0x2000011c   Data           1  soft_i2c.o(.data)
    crr_clk_i2c                              0x2000011d   Data           1  soft_i2c.o(.data)
    pre_clk_i2c                              0x2000011e   Data           1  soft_i2c.o(.data)
    crr_clk_i2c_sc                           0x2000011f   Data           1  soft_i2c.o(.data)
    pre_clk_i2c_sc                           0x20000120   Data           1  soft_i2c.o(.data)
    in                                       0x20000121   Data           1  soft_i2c.o(.data)
    index_i2c                                0x20000122   Data           1  soft_i2c.o(.data)
    started_condition                        0x20000123   Data           1  soft_i2c.o(.data)
    index_arr                                0x20000124   Data           1  soft_i2c.o(.data)
    gpioB_S_i2c                              0x20000128   Data           4  soft_i2c.o(.data)
    gpioH_S_i2c                              0x2000012c   Data           4  soft_i2c.o(.data)
    __libspace_start                         0x20000130   Data          96  libspace.o(.bss)
    __temporary_stack_top$libspace           0x20000190   Data           0  libspace.o(.bss)



==============================================================================

Memory Map of the image

  Image Entry point : 0x08000189

  Load Region LR_IROM1 (Base: 0x08000000, Size: 0x00001f2c, Max: 0x00100000, ABSOLUTE, COMPRESSED[0x00001ebc])

    Execution Region ER_IROM1 (Exec base: 0x08000000, Load base: 0x08000000, Size: 0x00001dfc, Max: 0x00100000, ABSOLUTE)

    Exec Addr    Load Addr    Size         Type   Attr      Idx    E Section Name        Object

    0x08000000   0x08000000   0x00000188   Data   RO         1093    RESET               startup_stm32f407xx.o
    0x08000188   0x08000188   0x00000008   Code   RO         1226  * !!!main             c_w.l(__main.o)
    0x08000190   0x08000190   0x00000034   Code   RO         1462    !!!scatter          c_w.l(__scatter.o)
    0x080001c4   0x080001c4   0x0000005a   Code   RO         1460    !!dczerorl2         c_w.l(__dczerorl2.o)
    0x0800021e   0x0800021e   0x00000002   PAD
    0x08000220   0x08000220   0x0000001c   Code   RO         1464    !!handler_zi        c_w.l(__scatter_zi.o)
    0x0800023c   0x0800023c   0x00000002   Code   RO         1397    .ARM.Collect$$libinit$$00000000  c_w.l(libinit.o)
    0x0800023e   0x0800023e   0x00000004   Code   RO         1272    .ARM.Collect$$libinit$$00000001  c_w.l(libinit2.o)
    0x08000242   0x08000242   0x00000000   Code   RO         1275    .ARM.Collect$$libinit$$00000004  c_w.l(libinit2.o)
    0x08000242   0x08000242   0x00000000   Code   RO         1278    .ARM.Collect$$libinit$$0000000A  c_w.l(libinit2.o)
    0x08000242   0x08000242   0x00000000   Code   RO         1280    .ARM.Collect$$libinit$$0000000C  c_w.l(libinit2.o)
    0x08000242   0x08000242   0x00000000   Code   RO         1282    .ARM.Collect$$libinit$$0000000E  c_w.l(libinit2.o)
    0x08000242   0x08000242   0x00000000   Code   RO         1285    .ARM.Collect$$libinit$$00000011  c_w.l(libinit2.o)
    0x08000242   0x08000242   0x00000000   Code   RO         1287    .ARM.Collect$$libinit$$00000013  c_w.l(libinit2.o)
    0x08000242   0x08000242   0x00000000   Code   RO         1289    .ARM.Collect$$libinit$$00000015  c_w.l(libinit2.o)
    0x08000242   0x08000242   0x00000000   Code   RO         1291    .ARM.Collect$$libinit$$00000017  c_w.l(libinit2.o)
    0x08000242   0x08000242   0x00000000   Code   RO         1293    .ARM.Collect$$libinit$$00000019  c_w.l(libinit2.o)
    0x08000242   0x08000242   0x00000000   Code   RO         1295    .ARM.Collect$$libinit$$0000001B  c_w.l(libinit2.o)
    0x08000242   0x08000242   0x00000000   Code   RO         1297    .ARM.Collect$$libinit$$0000001D  c_w.l(libinit2.o)
    0x08000242   0x08000242   0x00000000   Code   RO         1299    .ARM.Collect$$libinit$$0000001F  c_w.l(libinit2.o)
    0x08000242   0x08000242   0x00000000   Code   RO         1301    .ARM.Collect$$libinit$$00000021  c_w.l(libinit2.o)
    0x08000242   0x08000242   0x00000000   Code   RO         1303    .ARM.Collect$$libinit$$00000023  c_w.l(libinit2.o)
    0x08000242   0x08000242   0x00000000   Code   RO         1305    .ARM.Collect$$libinit$$00000025  c_w.l(libinit2.o)
    0x08000242   0x08000242   0x00000000   Code   RO         1309    .ARM.Collect$$libinit$$0000002C  c_w.l(libinit2.o)
    0x08000242   0x08000242   0x00000000   Code   RO         1311    .ARM.Collect$$libinit$$0000002E  c_w.l(libinit2.o)
    0x08000242   0x08000242   0x00000000   Code   RO         1313    .ARM.Collect$$libinit$$00000030  c_w.l(libinit2.o)
    0x08000242   0x08000242   0x00000000   Code   RO         1315    .ARM.Collect$$libinit$$00000032  c_w.l(libinit2.o)
    0x08000242   0x08000242   0x00000002   Code   RO         1316    .ARM.Collect$$libinit$$00000033  c_w.l(libinit2.o)
    0x08000244   0x08000244   0x00000002   Code   RO         1457    .ARM.Collect$$libshutdown$$00000000  c_w.l(libshutdown.o)
    0x08000246   0x08000246   0x00000000   Code   RO         1413    .ARM.Collect$$libshutdown$$00000002  c_w.l(libshutdown2.o)
    0x08000246   0x08000246   0x00000000   Code   RO         1415    .ARM.Collect$$libshutdown$$00000004  c_w.l(libshutdown2.o)
    0x08000246   0x08000246   0x00000000   Code   RO         1418    .ARM.Collect$$libshutdown$$00000007  c_w.l(libshutdown2.o)
    0x08000246   0x08000246   0x00000000   Code   RO         1421    .ARM.Collect$$libshutdown$$0000000A  c_w.l(libshutdown2.o)
    0x08000246   0x08000246   0x00000000   Code   RO         1423    .ARM.Collect$$libshutdown$$0000000C  c_w.l(libshutdown2.o)
    0x08000246   0x08000246   0x00000000   Code   RO         1426    .ARM.Collect$$libshutdown$$0000000F  c_w.l(libshutdown2.o)
    0x08000246   0x08000246   0x00000002   Code   RO         1427    .ARM.Collect$$libshutdown$$00000010  c_w.l(libshutdown2.o)
    0x08000248   0x08000248   0x00000000   Code   RO         1242    .ARM.Collect$$rtentry$$00000000  c_w.l(__rtentry.o)
    0x08000248   0x08000248   0x00000000   Code   RO         1338    .ARM.Collect$$rtentry$$00000002  c_w.l(__rtentry2.o)
    0x08000248   0x08000248   0x00000006   Code   RO         1350    .ARM.Collect$$rtentry$$00000004  c_w.l(__rtentry4.o)
    0x0800024e   0x0800024e   0x00000000   Code   RO         1340    .ARM.Collect$$rtentry$$00000009  c_w.l(__rtentry2.o)
    0x0800024e   0x0800024e   0x00000004   Code   RO         1341    .ARM.Collect$$rtentry$$0000000A  c_w.l(__rtentry2.o)
    0x08000252   0x08000252   0x00000000   Code   RO         1343    .ARM.Collect$$rtentry$$0000000C  c_w.l(__rtentry2.o)
    0x08000252   0x08000252   0x00000008   Code   RO         1344    .ARM.Collect$$rtentry$$0000000D  c_w.l(__rtentry2.o)
    0x0800025a   0x0800025a   0x00000002   Code   RO         1402    .ARM.Collect$$rtexit$$00000000  c_w.l(rtexit.o)
    0x0800025c   0x0800025c   0x00000000   Code   RO         1431    .ARM.Collect$$rtexit$$00000002  c_w.l(rtexit2.o)
    0x0800025c   0x0800025c   0x00000004   Code   RO         1432    .ARM.Collect$$rtexit$$00000003  c_w.l(rtexit2.o)
    0x08000260   0x08000260   0x00000006   Code   RO         1433    .ARM.Collect$$rtexit$$00000004  c_w.l(rtexit2.o)
    0x08000266   0x08000266   0x00000002   PAD
    0x08000268   0x08000268   0x00000040   Code   RO         1094    .text               startup_stm32f407xx.o
    0x080002a8   0x080002a8   0x00000006   Code   RO         1224    .text               c_w.l(heapauxi.o)
    0x080002ae   0x080002ae   0x00000002   PAD
    0x080002b0   0x080002b0   0x00000008   Code   RO         1334    .text               c_w.l(libspace.o)
    0x080002b8   0x080002b8   0x00000002   Code   RO         1373    .text               c_w.l(use_no_semi.o)
    0x080002ba   0x080002ba   0x00000000   Code   RO         1375    .text               c_w.l(indicate_semi.o)
    0x080002ba   0x080002ba   0x0000004a   Code   RO         1376    .text               c_w.l(sys_stackheap_outer.o)
    0x08000304   0x08000304   0x00000012   Code   RO         1382    .text               c_w.l(exit.o)
    0x08000316   0x08000316   0x00000002   PAD
    0x08000318   0x08000318   0x0000000c   Code   RO         1400    .text               c_w.l(sys_exit.o)
    0x08000324   0x08000324   0x00000008   Code   RO          773    i.EXTI1_IRQHandler  irq_handler.o
    0x0800032c   0x0800032c   0x00000008   Code   RO          774    i.EXTI2_IRQHandler  irq_handler.o
    0x08000334   0x08000334   0x00000018   Code   RO          316    i.EXTI_ClearFlagInterruptInLine  exti.o
    0x0800034c   0x0800034c   0x00000080   Code   RO          317    i.EXTI_Configuration  exti.o
    0x080003cc   0x080003cc   0x00000018   Code   RO          323    i.EXTI_SettingMaskEventRequest  exti.o
    0x080003e4   0x080003e4   0x00000018   Code   RO          324    i.EXTI_SettingMaskInterrupt  exti.o
    0x080003fc   0x080003fc   0x00000032   Code   RO           73    i.GPIO_ConfigAlternateFunc  gpio.o
    0x0800042e   0x0800042e   0x00000042   Code   RO           74    i.GPIO_Configuration  gpio.o
    0x08000470   0x08000470   0x000000d0   Code   RO           75    i.GPIO_EnableClock  gpio.o
    0x08000540   0x08000540   0x00000010   Code   RO           82    i.GPIO_SetInputType  gpio.o
    0x08000550   0x08000550   0x00000010   Code   RO           84    i.GPIO_Set_Mode     gpio.o
    0x08000560   0x08000560   0x00000010   Code   RO           85    i.GPIO_Set_OutputSpeed  gpio.o
    0x08000570   0x08000570   0x0000000e   Code   RO           86    i.GPIO_Set_OutputType  gpio.o
    0x0800057e   0x0800057e   0x0000001a   Code   RO           87    i.GPIO_SettingOutputDataBSRR  gpio.o
    0x08000598   0x08000598   0x00000010   Code   RO          228    i.GetFlagTimerSystick500ms  systick.o
    0x080005a8   0x080005a8   0x0000004c   Code   RO          325    i.HandleLED1        exti.o
    0x080005f4   0x080005f4   0x0000004c   Code   RO          326    i.HandleLED2        exti.o
    0x08000640   0x08000640   0x00000018   Code   RO          230    i.InitSystemTimer   systick.o
    0x08000658   0x08000658   0x00000100   Code   RO          231    i.LoopSystickTimerSetting  systick.o
    0x08000758   0x08000758   0x000000fc   Code   RO          536    i.LoopTimerSetting  timer.o
    0x08000854   0x08000854   0x00000044   Code   RO          420    i.NVIC_ClearInterruptEnable  nvic.o
    0x08000898   0x08000898   0x00000028   Code   RO          422    i.NVIC_Configuration  nvic.o
    0x080008c0   0x080008c0   0x0000000c   Code   RO          424    i.NVIC_Init         nvic.o
    0x080008cc   0x080008cc   0x00000040   Code   RO          426    i.NVIC_SetInterruptEnable  nvic.o
    0x0800090c   0x0800090c   0x00000010   Code   RO          428    i.NVIC_SetPriority  nvic.o
    0x0800091c   0x0800091c   0x00000058   Code   RO          180    i.RCC_EnablePeripheralClock  rcc.o
    0x08000974   0x08000974   0x00000050   Code   RO          183    i.RCC_SettingSystemClock16MHz  rcc.o
    0x080009c4   0x080009c4   0x000001e8   Code   RO          702    i.SPI_ConfigGPIOPinForSPI  spi.o
    0x08000bac   0x08000bac   0x0000007c   Code   RO          703    i.SPI_Configuration  spi.o
    0x08000c28   0x08000c28   0x00000050   Code   RO          327    i.SYSCFG_ConfigPortEXTI  exti.o
    0x08000c78   0x08000c78   0x00000070   Code   RO          232    i.SettingSystemTimer  systick.o
    0x08000ce8   0x08000ce8   0x00000016   Code   RO          995    i.SoftI2C_Configuration  soft_i2c.o
    0x08000cfe   0x08000cfe   0x00000002   PAD
    0x08000d00   0x08000d00   0x00000118   Code   RO          998    i.SoftI2C_GPIOConfiguration  soft_i2c.o
    0x08000e18   0x08000e18   0x0000006c   Code   RO         1000    i.SoftI2C_Init      soft_i2c.o
    0x08000e84   0x08000e84   0x0000006c   Code   RO         1001    i.SoftI2C_Start     soft_i2c.o
    0x08000ef0   0x08000ef0   0x0000002c   Code   RO          235    i.SysTickSettingEnableCounter  systick.o
    0x08000f1c   0x08000f1c   0x00000024   Code   RO          236    i.SysTickSettingReloadValue  systick.o
    0x08000f40   0x08000f40   0x00000010   Code   RO          775    i.SysTick_Handler   irq_handler.o
    0x08000f50   0x08000f50   0x00000014   Code   RO         1103    i.SystemInit        system_stm32f4xx.o
    0x08000f64   0x08000f64   0x00000002   Code   RO          776    i.TIM1_CC_IRQHandler  irq_handler.o
    0x08000f66   0x08000f66   0x00000002   Code   RO          777    i.TIM2_IRQHandler   irq_handler.o
    0x08000f68   0x08000f68   0x00000010   Code   RO          778    i.TIM3_IRQHandler   irq_handler.o
    0x08000f78   0x08000f78   0x00000002   Code   RO          779    i.TIM4_IRQHandler   irq_handler.o
    0x08000f7a   0x08000f7a   0x00000002   PAD
    0x08000f7c   0x08000f7c   0x00000010   Code   RO          780    i.TIM7_IRQHandler   irq_handler.o
    0x08000f8c   0x08000f8c   0x00000050   Code   RO          538    i.Timer_Configuration  timer.o
    0x08000fdc   0x08000fdc   0x00000104   Code   RO          539    i.Timer_EnableClock  timer.o
    0x080010e0   0x080010e0   0x00000014   Code   RO          543    i.Timer_SettingCounter  timer.o
    0x080010f4   0x080010f4   0x00000016   Code   RO          544    i.Timer_SettingInterrupt  timer.o
    0x0800110a   0x0800110a   0x00000002   PAD
    0x0800110c   0x0800110c   0x00000038   Code   RO          781    i.USART2_IRQHandler  irq_handler.o
    0x08001144   0x08001144   0x00000098   Code   RO          639    i.USART_BaudrateCalculator  usart.o
    0x080011dc   0x080011dc   0x00000284   Code   RO          640    i.USART_Configuration  usart.o
    0x08001460   0x08001460   0x0000000a   Code   RO          642    i.USART_ReceiverDataInterruptEnable  usart.o
    0x0800146a   0x0800146a   0x00000026   Code   RO          643    i.USART_SendData    usart.o
    0x08001490   0x08001490   0x00000118   Code   RO         1234    i.__hardfp_ceil     m_wm.l(ceil.o)
    0x080015a8   0x080015a8   0x0000020c   Code   RO            1    i.main              main.o
    0x080017b4   0x080017b4   0x00000150   Code   RO         1317    x$fpl$dadd          fz_wm.l(daddsub_clz.o)
    0x08001904   0x08001904   0x00000018   Code   RO         1398    x$fpl$dcmpinf       fz_wm.l(dcmpi.o)
    0x0800191c   0x0800191c   0x0000005a   Code   RO         1228    x$fpl$dfixu         fz_wm.l(dfixu.o)
    0x08001976   0x08001976   0x00000002   PAD
    0x08001978   0x08001978   0x00000078   Code   RO         1369    x$fpl$dleqf         fz_wm.l(dleqf.o)
    0x080019f0   0x080019f0   0x0000009c   Code   RO         1323    x$fpl$dnaninf       fz_wm.l(dnaninf.o)
    0x08001a8c   0x08001a8c   0x0000000c   Code   RO         1325    x$fpl$dretinf       fz_wm.l(dretinf.o)
    0x08001a98   0x08001a98   0x0000006c   Code   RO         1327    x$fpl$drleqf        fz_wm.l(drleqf.o)
    0x08001b04   0x08001b04   0x00000016   Code   RO         1318    x$fpl$drsb          fz_wm.l(daddsub_clz.o)
    0x08001b1a   0x08001b1a   0x00000002   PAD
    0x08001b1c   0x08001b1c   0x000001d4   Code   RO         1319    x$fpl$dsub          fz_wm.l(daddsub_clz.o)
    0x08001cf0   0x08001cf0   0x00000056   Code   RO         1232    x$fpl$f2d           fz_wm.l(f2d.o)
    0x08001d46   0x08001d46   0x0000008c   Code   RO         1329    x$fpl$fnaninf       fz_wm.l(fnaninf.o)
    0x08001dd2   0x08001dd2   0x0000000a   Code   RO         1371    x$fpl$fpinit        fz_wm.l(fpinit.o)
    0x08001ddc   0x08001ddc   0x00000000   Code   RO         1331    x$fpl$usenofp       fz_wm.l(usenofp.o)
    0x08001ddc   0x08001ddc   0x00000020   Data   RO         1458    Region$$Table       anon$$obj.o


    Execution Region RW_IRAM1 (Exec base: 0x20000000, Load base: 0x08001dfc, Size: 0x00000790, Max: 0x00020000, ABSOLUTE, COMPRESSED[0x000000c0])

    Exec Addr    Load Addr    Size         Type   Attr      Idx    E Section Name        Object

    0x20000000   COMPRESSED   0x000000c6   Data   RW            3    .data               main.o
    0x200000c6   COMPRESSED   0x00000002   PAD
    0x200000c8   COMPRESSED   0x0000000c   Data   RW          184    .data               rcc.o
    0x200000d4   COMPRESSED   0x0000000b   Data   RW          237    .data               systick.o
    0x200000df   COMPRESSED   0x00000001   PAD
    0x200000e0   COMPRESSED   0x00000014   Data   RW          329    .data               exti.o
    0x200000f4   COMPRESSED   0x00000004   Data   RW          429    .data               nvic.o
    0x200000f8   COMPRESSED   0x00000007   Data   RW          545    .data               timer.o
    0x200000ff   COMPRESSED   0x00000001   PAD
    0x20000100   COMPRESSED   0x0000000c   Data   RW          645    .data               usart.o
    0x2000010c   COMPRESSED   0x00000010   Data   RW          710    .data               spi.o
    0x2000011c   COMPRESSED   0x00000014   Data   RW         1005    .data               soft_i2c.o
    0x20000130        -       0x00000060   Zero   RW         1335    .bss                c_w.l(libspace.o)
    0x20000190        -       0x00000200   Zero   RW         1092    HEAP                startup_stm32f407xx.o
    0x20000390        -       0x00000400   Zero   RW         1091    STACK               startup_stm32f407xx.o


==============================================================================

Image component sizes


      Code (inc. data)   RO Data    RW Data    ZI Data      Debug   Object Name

       432         52          0         20          0       9138   exti.o
       412         44          0          0          0       7597   gpio.o
       126         22          0          0          0       6599   irq_handler.o
       524         54          0        198          0      22030   main.o
       200         16          0          4          0       7106   nvic.o
       168         12          0         12          0       7377   rcc.o
       518         24          0         20          0       5824   soft_i2c.o
       612         26          0         16          0      13007   spi.o
        64         26        392          0       1536        876   startup_stm32f407xx.o
        20          6          0          0          0        473   system_stm32f4xx.o
       488         58          0         11          0       6186   systick.o
       634         86          0          7          0       8676   timer.o
       844         40          0         12          0       8379   usart.o

    ----------------------------------------------------------------------
      5048        466        424        304       1536     103268   Object Totals
         0          0         32          0          0          0   (incl. Generated)
         6          0          0          4          0          0   (incl. Padding)

    ----------------------------------------------------------------------

      Code (inc. data)   RO Data    RW Data    ZI Data      Debug   Library Member Name

        90          0          0          0          0          0   __dczerorl2.o
         8          0          0          0          0         68   __main.o
         0          0          0          0          0          0   __rtentry.o
        12          0          0          0          0          0   __rtentry2.o
         6          0          0          0          0          0   __rtentry4.o
        52          8          0          0          0          0   __scatter.o
        28          0          0          0          0          0   __scatter_zi.o
        18          0          0          0          0         80   exit.o
         6          0          0          0          0        152   heapauxi.o
         0          0          0          0          0          0   indicate_semi.o
         2          0          0          0          0          0   libinit.o
         6          0          0          0          0          0   libinit2.o
         2          0          0          0          0          0   libshutdown.o
         2          0          0          0          0          0   libshutdown2.o
         8          4          0          0         96         68   libspace.o
         2          0          0          0          0          0   rtexit.o
        10          0          0          0          0          0   rtexit2.o
        12          4          0          0          0         68   sys_exit.o
        74          0          0          0          0         80   sys_stackheap_outer.o
         2          0          0          0          0         68   use_no_semi.o
       826         16          0          0          0        492   daddsub_clz.o
        24          0          0          0          0        116   dcmpi.o
        90          4          0          0          0        140   dfixu.o
       120          4          0          0          0        140   dleqf.o
       156          4          0          0          0        140   dnaninf.o
        12          0          0          0          0        116   dretinf.o
       108          0          0          0          0        128   drleqf.o
        86          4          0          0          0        132   f2d.o
       140          4          0          0          0        132   fnaninf.o
        10          0          0          0          0        116   fpinit.o
         0          0          0          0          0          0   usenofp.o
       280         28          0          0          0        156   ceil.o

    ----------------------------------------------------------------------
      2204         80          0          0         96       2392   Library Totals
        12          0          0          0          0          0   (incl. Padding)

    ----------------------------------------------------------------------

      Code (inc. data)   RO Data    RW Data    ZI Data      Debug   Library Name

       340         16          0          0         96        584   c_w.l
      1572         36          0          0          0       1652   fz_wm.l
       280         28          0          0          0        156   m_wm.l

    ----------------------------------------------------------------------
      2204         80          0          0         96       2392   Library Totals

    ----------------------------------------------------------------------

==============================================================================


      Code (inc. data)   RO Data    RW Data    ZI Data      Debug   

      7252        546        424        304       1632      99704   Grand Totals
      7252        546        424        192       1632      99704   ELF Image Totals (compressed)
      7252        546        424        192          0          0   ROM Totals

==============================================================================

    Total RO  Size (Code + RO Data)                 7676 (   7.50kB)
    Total RW  Size (RW Data + ZI Data)              1936 (   1.89kB)
    Total ROM Size (Code + RO Data + RW Data)       7868 (   7.68kB)

==============================================================================

